******************************************************************************
                  MSP430 Linker PC v18.12.2                    
******************************************************************************
>> Linked Sun Sep 20 13:15:36 2020

OUTPUT FILE NAME:   <EGSA.out>
ENTRY POINT SYMBOL: "_c_int00_noargs"  address: 0000c6c4


MEMORY CONFIGURATION

         name            origin    length      used     unused   attr    fill
----------------------  --------  ---------  --------  --------  ----  --------
  SFR                   00000000   00000010  00000000  00000010  RWIX
  PERIPHERALS_8BIT      00000010   000000f0  00000000  000000f0  RWIX
  PERIPHERALS_16BIT     00000100   00000100  00000000  00000100  RWIX
  RAM                   00000200   00000200  000000b6  0000014a  RWIX
  INFOD                 00001000   00000040  00000000  00000040  RWIX
  INFOC                 00001040   00000040  00000000  00000040  RWIX
  INFOB                 00001080   00000040  00000000  00000040  RWIX
  INFOA                 000010c0   00000040  00000000  00000040  RWIX
  FLASH                 0000c000   00003fde  00000864  0000377a  RWIX
  BSLSIGNATURE          0000ffde   00000002  00000002  00000000  RWIX  ffff 
  INT00                 0000ffe0   00000002  00000002  00000000  RWIX
  INT01                 0000ffe2   00000002  00000000  00000002  RWIX
  INT02                 0000ffe4   00000002  00000002  00000000  RWIX
  INT03                 0000ffe6   00000002  00000002  00000000  RWIX
  INT04                 0000ffe8   00000002  00000000  00000002  RWIX
  INT05                 0000ffea   00000002  00000002  00000000  RWIX
  INT06                 0000ffec   00000002  00000002  00000000  RWIX
  INT07                 0000ffee   00000002  00000002  00000000  RWIX
  INT08                 0000fff0   00000002  00000002  00000000  RWIX
  INT09                 0000fff2   00000002  00000002  00000000  RWIX
  INT10                 0000fff4   00000002  00000002  00000000  RWIX
  INT11                 0000fff6   00000002  00000002  00000000  RWIX
  INT12                 0000fff8   00000002  00000002  00000000  RWIX
  INT13                 0000fffa   00000002  00000002  00000000  RWIX
  INT14                 0000fffc   00000002  00000002  00000000  RWIX
  RESET                 0000fffe   00000002  00000002  00000000  RWIX


SECTION ALLOCATION MAP

 output                                  attributes/
section   page    origin      length       input sections
--------  ----  ----------  ----------   ----------------
.bss       0    00000250    0000000e     UNINITIALIZED
                  00000250    00000002     rts430_eabi.lib : memory.c.obj (.bss)
                  00000252    00000002     (.common:Conversion_Ended)
                  00000254    00000002     (.common:Data)
                  00000256    00000002     (.common:Recieve_Ended)
                  00000258    00000002     (.common:delimiter_State)
                  0000025a    00000002     (.common:first_flag)
                  0000025c    00000001     (.common:Temperature)
                  0000025d    00000001     (.common:data_to_be_recieved)

.data      0    0000025e    00000008     UNINITIALIZED
                  0000025e    00000002     rts430_eabi.lib : _lock.c.obj (.data:_lock)
                  00000260    00000002                     : _lock.c.obj (.data:_unlock)
                  00000262    00000002     main.obj (.data)
                  00000264    00000002     rts430_eabi.lib : memory.c.obj (.data)

.sysmem    0    00000200    00000050     UNINITIALIZED
                  00000200    00000008     rts430_eabi.lib : memory.c.obj (.sysmem)
                  00000208    00000048     --HOLE--

.stack     0    000003b0    00000050     UNINITIALIZED
                  000003b0    00000002     rts430_eabi.lib : boot.c.obj (.stack)
                  000003b2    0000004e     --HOLE--

.text      0    0000c000    0000083a     
                  0000c000    00000110     UART.obj (.text:USCI0RX_ISR)
                  0000c110    000000e6     rts430_eabi.lib : memory.c.obj (.text:aligned_alloc)
                  0000c1f6    000000dc     SSP_Framing.obj (.text:Get_Frame)
                  0000c2d2    000000b6     main.obj (.text:main)
                  0000c388    0000007c     rts430_eabi.lib : copy_decompress_lzss.c.obj (.text:decompress:lzss:__TI_decompress_lzss)
                  0000c404    0000007a     SSP_Deframing.obj (.text:Return_from_frame)
                  0000c47e    0000006e     rts430_eabi.lib : memory.c.obj (.text:split)
                  0000c4ec    0000004e     UART.obj (.text:Intialize_UART)
                  0000c53a    0000004c     rts430_eabi.lib : lsr16.asm.obj (.text)
                  0000c586    00000042                     : autoinit.c.obj (.text:__TI_auto_init_nobinit_nopinit:__TI_auto_init_nobinit_nopinit)
                  0000c5c8    00000038     UART.obj (.text:Transmit_UART)
                  0000c600    0000002c     rts430_eabi.lib : lsl16.asm.obj (.text)
                  0000c62c    0000002c                     : strncpy.c.obj (.text:strncpy)
                  0000c658    00000028                     : memory.c.obj (.text:free_list_insert)
                  0000c680    00000024     UART.obj (.text:Recieve_Data)
                  0000c6a4    00000020     ADC.obj (.text:get_converted_data)
                  0000c6c4    0000001c     rts430_eabi.lib : boot.c.obj (.text:_c_int00_noargs)
                  0000c6e0    0000001c                     : memory.c.obj (.text:free_list_remove)
                  0000c6fc    0000001a                     : strcat.c.obj (.text:strcat)
                  0000c716    00000018     headers.obj (.text:Send_Telemetry)
                  0000c72e    00000016     ADC.obj (.text:Intialize_ADC)
                  0000c744    00000014     rts430_eabi.lib : copy_zero_init.c.obj (.text:decompress:ZI:__TI_zero_init_nomemset:__TI_zero_init_nomemset)
                  0000c758    00000012     ADC.obj (.text:ADC10_ISR)
                  0000c76a    00000012     rts430_eabi.lib : copy_decompress_none.c.obj (.text:decompress:none:__TI_decompress_none)
                  0000c77c    00000012                     : memcpy.c.obj (.text:memcpy)
                  0000c78e    00000010     headers.obj (.text:Intialize)
                  0000c79e    00000010     rts430_eabi.lib : epilog.asm.obj (.text)
                  0000c7ae    0000000e     SSP_Framing.obj (.text:Make_ACK_Message)
                  0000c7bc    0000000e     SSP_Framing.obj (.text:Make_NACK_Message)
                  0000c7ca    0000000e     rts430_eabi.lib : strlen.c.obj (.text:strlen)
                  0000c7d8    0000000c     SSP_Framing.obj (.text:Make_CommPing_Message)
                  0000c7e4    0000000c     SSP_Framing.obj (.text:Make_Temp_Message)
                  0000c7f0    0000000a     headers.obj (.text:Send_Ack)
                  0000c7fa    0000000a     headers.obj (.text:Send_Comm_Ping)
                  0000c804    0000000a     headers.obj (.text:Send_NAck)
                  0000c80e    00000008     ADC.obj (.text:Start_Conversion_ADC)
                  0000c816    00000008     rts430_eabi.lib : isr_trap.asm.obj (.text:_isr:__TI_ISR_TRAP)
                  0000c81e    00000008                     : memory.c.obj (.text:malloc)
                  0000c826    00000006     UART.obj (.text:Enable_INT_Recieve)
                  0000c82c    00000006     rts430_eabi.lib : exit.c.obj (.text:abort)
                  0000c832    00000004                     : pre_init.c.obj (.text:_system_pre_init)
                  0000c836    00000002                     : _lock.c.obj (.text:_nop)
                  0000c838    00000002                     : startup.c.obj (.text:_system_post_cinit)

.const     0    0000c83a    0000000c     
                  0000c83a    0000000c     SSP_Framing.obj (.const:.string)

.cinit     0    0000c846    0000001e     
                  0000c846    0000000b     (.cinit..data.load) [load image, compression = lzss]
                  0000c851    00000001     --HOLE-- [fill = 0]
                  0000c852    00000006     (__TI_handler_table)
                  0000c858    00000004     (.cinit..bss.load) [load image, compression = zero_init]
                  0000c85c    00000008     (__TI_cinit_table)

.binit     0    0000c000    00000000     

.init_array 
*          0    0000c000    00000000     UNINITIALIZED

TRAPINT    0    0000ffe0    00000002     
                  0000ffe0    00000002     rts430_eabi.lib : int00.asm.obj (.int00)

PORT1      0    0000ffe4    00000002     
                  0000ffe4    00000002     rts430_eabi.lib : int02.asm.obj (.int02)

PORT2      0    0000ffe6    00000002     
                  0000ffe6    00000002     rts430_eabi.lib : int03.asm.obj (.int03)

ADC10      0    0000ffea    00000002     
                  0000ffea    00000002     ADC.obj (.int05)

USCIAB0TX 
*          0    0000ffec    00000002     
                  0000ffec    00000002     rts430_eabi.lib : int06.asm.obj (.int06)

USCIAB0RX 
*          0    0000ffee    00000002     
                  0000ffee    00000002     UART.obj (.int07)

TIMER0_A1 
*          0    0000fff0    00000002     
                  0000fff0    00000002     rts430_eabi.lib : int08.asm.obj (.int08)

TIMER0_A0 
*          0    0000fff2    00000002     
                  0000fff2    00000002     rts430_eabi.lib : int09.asm.obj (.int09)

WDT        0    0000fff4    00000002     
                  0000fff4    00000002     rts430_eabi.lib : int10.asm.obj (.int10)

COMPARATORA 
*          0    0000fff6    00000002     
                  0000fff6    00000002     rts430_eabi.lib : int11.asm.obj (.int11)

TIMER1_A1 
*          0    0000fff8    00000002     
                  0000fff8    00000002     rts430_eabi.lib : int12.asm.obj (.int12)

TIMER1_A0 
*          0    0000fffa    00000002     
                  0000fffa    00000002     rts430_eabi.lib : int13.asm.obj (.int13)

NMI        0    0000fffc    00000002     
                  0000fffc    00000002     rts430_eabi.lib : int14.asm.obj (.int14)

.reset     0    0000fffe    00000002     
                  0000fffe    00000002     rts430_eabi.lib : boot.c.obj (.reset)

$fill000   0    0000ffde    00000002     
                  0000ffde    00000002     --HOLE-- [fill = ffff]

MODULE SUMMARY

       Module                       code   ro data   rw data
       ------                       ----   -------   -------
    .\
       UART.obj                     448    2         9      
       SSP_Framing.obj              272    12        0      
       main.obj                     182    0         2      
       SSP_Deframing.obj            122    0         0      
       ADC.obj                      80     2         3      
       headers.obj                  70     0         0      
    +--+----------------------------+------+---------+---------+
       Total:                       1174   16        14     
                                                            
    C:\ti\ccs910\ccs\tools\compiler\ti-cgt-msp430_18.12.2.LTS\lib\rts430_eabi.lib
       memory.c.obj                 416    0         4      
       copy_decompress_lzss.c.obj   124    0         0      
       lsr16.asm.obj                76     0         0      
       autoinit.c.obj               66     0         0      
       lsl16.asm.obj                44     0         0      
       strncpy.c.obj                44     0         0      
       boot.c.obj                   28     2         0      
       strcat.c.obj                 26     0         0      
       copy_zero_init.c.obj         20     0         0      
       copy_decompress_none.c.obj   18     0         0      
       memcpy.c.obj                 18     0         0      
       epilog.asm.obj               16     0         0      
       strlen.c.obj                 14     0         0      
       isr_trap.asm.obj             8      0         0      
       _lock.c.obj                  2      0         4      
       exit.c.obj                   6      0         0      
       pre_init.c.obj               4      0         0      
       int00.asm.obj                0      2         0      
       int02.asm.obj                0      2         0      
       int03.asm.obj                0      2         0      
       int06.asm.obj                0      2         0      
       int08.asm.obj                0      2         0      
       int09.asm.obj                0      2         0      
       int10.asm.obj                0      2         0      
       int11.asm.obj                0      2         0      
       int12.asm.obj                0      2         0      
       int13.asm.obj                0      2         0      
       int14.asm.obj                0      2         0      
       startup.c.obj                2      0         0      
    +--+----------------------------+------+---------+---------+
       Total:                       932    24        8      
                                                            
       Heap:                        0      0         80     
       Stack:                       0      0         80     
       Linker Generated:            0      29        0      
    +--+----------------------------+------+---------+---------+
       Grand Total:                 2106   69        182    


LINKER GENERATED COPY TABLES

__TI_cinit_table @ 0000c85c records: 2, size/record: 4, table size: 8
	.data: load addr=0000c846, load size=0000000b bytes, run addr=0000025e, run size=00000008 bytes, compression=lzss
	.bss: load addr=0000c858, load size=00000004 bytes, run addr=00000250, run size=0000000e bytes, compression=zero_init


LINKER GENERATED HANDLER TABLE

__TI_handler_table @ 0000c852 records: 3, size/record: 2, table size: 6
	index: 0, handler: __TI_zero_init
	index: 1, handler: __TI_decompress_lzss
	index: 2, handler: __TI_decompress_none


GLOBAL SYMBOLS: SORTED ALPHABETICALLY BY Name 

address   name                          
-------   ----                          
0000004a  ADC10AE0                      
000001b0  ADC10CTL0                     
000001b2  ADC10CTL1                     
00000048  ADC10DTC0                     
00000049  ADC10DTC1                     
000001b4  ADC10MEM                      
000001bc  ADC10SA                       
0000c758  ADC10_ISR                     
00000057  BCSCTL1                       
00000058  BCSCTL2                       
00000053  BCSCTL3                       
0000c82c  C$$EXIT                       
00000059  CACTL1                        
0000005a  CACTL2                        
000010fb  CALBC1_12MHZ                  
000010f9  CALBC1_16MHZ                  
000010ff  CALBC1_1MHZ                   
000010fd  CALBC1_8MHZ                   
000010fa  CALDCO_12MHZ                  
000010f8  CALDCO_16MHZ                  
000010fe  CALDCO_1MHZ                   
000010fc  CALDCO_8MHZ                   
0000005b  CAPD                          
00000252  Conversion_Ended              
00000056  DCOCTL                        
00000254  Data                          
0000c826  Enable_INT_Recieve            
00000128  FCTL1                         
0000012a  FCTL2                         
0000012c  FCTL3                         
00000262  GCS_Operation                 
0000c1f6  Get_Frame                     
00000000  IE1                           
00000001  IE2                           
00000002  IFG1                          
00000003  IFG2                          
0000c78e  Intialize                     
0000c72e  Intialize_ADC                 
0000c4ec  Intialize_UART                
0000c7ae  Make_ACK_Message              
0000c7d8  Make_CommPing_Message         
0000c7bc  Make_NACK_Message             
0000c7e4  Make_Temp_Message             
00000022  P1DIR                         
00000025  P1IE                          
00000024  P1IES                         
00000023  P1IFG                         
00000020  P1IN                          
00000021  P1OUT                         
00000027  P1REN                         
00000026  P1SEL                         
00000041  P1SEL2                        
0000002a  P2DIR                         
0000002d  P2IE                          
0000002c  P2IES                         
0000002b  P2IFG                         
00000028  P2IN                          
00000029  P2OUT                         
0000002f  P2REN                         
0000002e  P2SEL                         
00000042  P2SEL2                        
0000001a  P3DIR                         
00000018  P3IN                          
00000019  P3OUT                         
00000010  P3REN                         
0000001b  P3SEL                         
00000043  P3SEL2                        
0000c680  Recieve_Data                  
00000256  Recieve_Ended                 
0000c404  Return_from_frame             
0000c7f0  Send_Ack                      
0000c7fa  Send_Comm_Ping                
0000c804  Send_NAck                     
0000c716  Send_Telemetry                
0000c80e  Start_Conversion_ADC          
00000172  TA0CCR0                       
00000174  TA0CCR1                       
00000176  TA0CCR2                       
00000162  TA0CCTL0                      
00000164  TA0CCTL1                      
00000166  TA0CCTL2                      
00000160  TA0CTL                        
0000012e  TA0IV                         
00000170  TA0R                          
00000192  TA1CCR0                       
00000194  TA1CCR1                       
00000196  TA1CCR2                       
00000182  TA1CCTL0                      
00000184  TA1CCTL1                      
00000186  TA1CCTL2                      
00000180  TA1CTL                        
0000011e  TA1IV                         
00000190  TA1R                          
000010db  TLV_ADC10_1_LEN               
000010da  TLV_ADC10_1_TAG               
000010c0  TLV_CHECKSUM                  
000010f7  TLV_DCO_30_LEN                
000010f6  TLV_DCO_30_TAG                
0000025c  Temperature                   
0000c5c8  Transmit_UART                 
0000005d  UCA0ABCTL                     
00000062  UCA0BR0                       
00000063  UCA0BR1                       
00000060  UCA0CTL0                      
00000061  UCA0CTL1                      
0000005f  UCA0IRRCTL                    
0000005e  UCA0IRTCTL                    
00000064  UCA0MCTL                      
00000066  UCA0RXBUF                     
00000065  UCA0STAT                      
00000067  UCA0TXBUF                     
0000006a  UCB0BR0                       
0000006b  UCB0BR1                       
00000068  UCB0CTL0                      
00000069  UCB0CTL1                      
0000006c  UCB0I2CIE                     
00000118  UCB0I2COA                     
0000011a  UCB0I2CSA                     
0000006e  UCB0RXBUF                     
0000006d  UCB0STAT                      
0000006f  UCB0TXBUF                     
0000c000  USCI0RX_ISR                   
00000120  WDTCTL                        
00000400  __STACK_END                   
00000050  __STACK_SIZE                  
00000050  __SYSMEM_SIZE                 
0000c85c  __TI_CINIT_Base               
0000c864  __TI_CINIT_Limit              
0000c852  __TI_Handler_Table_Base       
0000c858  __TI_Handler_Table_Limit      
0000c816  __TI_ISR_TRAP                 
0000c586  __TI_auto_init_nobinit_nopinit
0000c388  __TI_decompress_lzss          
0000c76a  __TI_decompress_none          
0000ffe0  __TI_int00                    
0000ffe4  __TI_int02                    
0000ffe6  __TI_int03                    
0000ffea  __TI_int05                    
0000ffec  __TI_int06                    
0000ffee  __TI_int07                    
0000fff0  __TI_int08                    
0000fff2  __TI_int09                    
0000fff4  __TI_int10                    
0000fff6  __TI_int11                    
0000fff8  __TI_int12                    
0000fffa  __TI_int13                    
0000fffc  __TI_int14                    
ffffffff  __TI_pprof_out_hndl           
ffffffff  __TI_prof_data_size           
ffffffff  __TI_prof_data_start          
0000c744  __TI_zero_init_nomemset       
ffffffff  __c_args__                    
0000c7aa  __mspabi_func_epilog_1        
0000c7a8  __mspabi_func_epilog_2        
0000c7a6  __mspabi_func_epilog_3        
0000c7a4  __mspabi_func_epilog_4        
0000c7a2  __mspabi_func_epilog_5        
0000c7a0  __mspabi_func_epilog_6        
0000c79e  __mspabi_func_epilog_7        
0000c600  __mspabi_slli                 
0000c628  __mspabi_slli_1               
0000c616  __mspabi_slli_10              
0000c614  __mspabi_slli_11              
0000c612  __mspabi_slli_12              
0000c610  __mspabi_slli_13              
0000c60e  __mspabi_slli_14              
0000c60c  __mspabi_slli_15              
0000c626  __mspabi_slli_2               
0000c624  __mspabi_slli_3               
0000c622  __mspabi_slli_4               
0000c620  __mspabi_slli_5               
0000c61e  __mspabi_slli_6               
0000c61c  __mspabi_slli_7               
0000c61a  __mspabi_slli_8               
0000c618  __mspabi_slli_9               
0000c53a  __mspabi_srli                 
0000c580  __mspabi_srli_1               
0000c55c  __mspabi_srli_10              
0000c558  __mspabi_srli_11              
0000c554  __mspabi_srli_12              
0000c550  __mspabi_srli_13              
0000c54c  __mspabi_srli_14              
0000c548  __mspabi_srli_15              
0000c57c  __mspabi_srli_2               
0000c578  __mspabi_srli_3               
0000c574  __mspabi_srli_4               
0000c570  __mspabi_srli_5               
0000c56c  __mspabi_srli_6               
0000c568  __mspabi_srli_7               
0000c564  __mspabi_srli_8               
0000c560  __mspabi_srli_9               
0000c6c4  _c_int00_noargs               
0000025e  _lock                         
0000c836  _nop                          
0000fffe  _reset_vector                 
000003b0  _stack                        
00000200  _sys_memory                   
0000c838  _system_post_cinit            
0000c832  _system_pre_init              
00000260  _unlock                       
0000c82c  abort                         
0000c110  aligned_alloc                 
0000025d  data_to_be_recieved           
00000258  delimiter_State               
0000025a  first_flag                    
0000c6a4  get_converted_data            
0000c2d2  main                          
0000c81e  malloc                        
0000c110  memalign                      
0000c77c  memcpy                        
0000c6fc  strcat                        
0000c7ca  strlen                        
0000c62c  strncpy                       


GLOBAL SYMBOLS: SORTED BY Symbol Address 

address   name                          
-------   ----                          
00000000  IE1                           
00000001  IE2                           
00000002  IFG1                          
00000003  IFG2                          
00000010  P3REN                         
00000018  P3IN                          
00000019  P3OUT                         
0000001a  P3DIR                         
0000001b  P3SEL                         
00000020  P1IN                          
00000021  P1OUT                         
00000022  P1DIR                         
00000023  P1IFG                         
00000024  P1IES                         
00000025  P1IE                          
00000026  P1SEL                         
00000027  P1REN                         
00000028  P2IN                          
00000029  P2OUT                         
0000002a  P2DIR                         
0000002b  P2IFG                         
0000002c  P2IES                         
0000002d  P2IE                          
0000002e  P2SEL                         
0000002f  P2REN                         
00000041  P1SEL2                        
00000042  P2SEL2                        
00000043  P3SEL2                        
00000048  ADC10DTC0                     
00000049  ADC10DTC1                     
0000004a  ADC10AE0                      
00000050  __STACK_SIZE                  
00000050  __SYSMEM_SIZE                 
00000053  BCSCTL3                       
00000056  DCOCTL                        
00000057  BCSCTL1                       
00000058  BCSCTL2                       
00000059  CACTL1                        
0000005a  CACTL2                        
0000005b  CAPD                          
0000005d  UCA0ABCTL                     
0000005e  UCA0IRTCTL                    
0000005f  UCA0IRRCTL                    
00000060  UCA0CTL0                      
00000061  UCA0CTL1                      
00000062  UCA0BR0                       
00000063  UCA0BR1                       
00000064  UCA0MCTL                      
00000065  UCA0STAT                      
00000066  UCA0RXBUF                     
00000067  UCA0TXBUF                     
00000068  UCB0CTL0                      
00000069  UCB0CTL1                      
0000006a  UCB0BR0                       
0000006b  UCB0BR1                       
0000006c  UCB0I2CIE                     
0000006d  UCB0STAT                      
0000006e  UCB0RXBUF                     
0000006f  UCB0TXBUF                     
00000118  UCB0I2COA                     
0000011a  UCB0I2CSA                     
0000011e  TA1IV                         
00000120  WDTCTL                        
00000128  FCTL1                         
0000012a  FCTL2                         
0000012c  FCTL3                         
0000012e  TA0IV                         
00000160  TA0CTL                        
00000162  TA0CCTL0                      
00000164  TA0CCTL1                      
00000166  TA0CCTL2                      
00000170  TA0R                          
00000172  TA0CCR0                       
00000174  TA0CCR1                       
00000176  TA0CCR2                       
00000180  TA1CTL                        
00000182  TA1CCTL0                      
00000184  TA1CCTL1                      
00000186  TA1CCTL2                      
00000190  TA1R                          
00000192  TA1CCR0                       
00000194  TA1CCR1                       
00000196  TA1CCR2                       
000001b0  ADC10CTL0                     
000001b2  ADC10CTL1                     
000001b4  ADC10MEM                      
000001bc  ADC10SA                       
00000200  _sys_memory                   
00000252  Conversion_Ended              
00000254  Data                          
00000256  Recieve_Ended                 
00000258  delimiter_State               
0000025a  first_flag                    
0000025c  Temperature                   
0000025d  data_to_be_recieved           
0000025e  _lock                         
00000260  _unlock                       
00000262  GCS_Operation                 
000003b0  _stack                        
00000400  __STACK_END                   
000010c0  TLV_CHECKSUM                  
000010da  TLV_ADC10_1_TAG               
000010db  TLV_ADC10_1_LEN               
000010f6  TLV_DCO_30_TAG                
000010f7  TLV_DCO_30_LEN                
000010f8  CALDCO_16MHZ                  
000010f9  CALBC1_16MHZ                  
000010fa  CALDCO_12MHZ                  
000010fb  CALBC1_12MHZ                  
000010fc  CALDCO_8MHZ                   
000010fd  CALBC1_8MHZ                   
000010fe  CALDCO_1MHZ                   
000010ff  CALBC1_1MHZ                   
0000c000  USCI0RX_ISR                   
0000c110  aligned_alloc                 
0000c110  memalign                      
0000c1f6  Get_Frame                     
0000c2d2  main                          
0000c388  __TI_decompress_lzss          
0000c404  Return_from_frame             
0000c4ec  Intialize_UART                
0000c53a  __mspabi_srli                 
0000c548  __mspabi_srli_15              
0000c54c  __mspabi_srli_14              
0000c550  __mspabi_srli_13              
0000c554  __mspabi_srli_12              
0000c558  __mspabi_srli_11              
0000c55c  __mspabi_srli_10              
0000c560  __mspabi_srli_9               
0000c564  __mspabi_srli_8               
0000c568  __mspabi_srli_7               
0000c56c  __mspabi_srli_6               
0000c570  __mspabi_srli_5               
0000c574  __mspabi_srli_4               
0000c578  __mspabi_srli_3               
0000c57c  __mspabi_srli_2               
0000c580  __mspabi_srli_1               
0000c586  __TI_auto_init_nobinit_nopinit
0000c5c8  Transmit_UART                 
0000c600  __mspabi_slli                 
0000c60c  __mspabi_slli_15              
0000c60e  __mspabi_slli_14              
0000c610  __mspabi_slli_13              
0000c612  __mspabi_slli_12              
0000c614  __mspabi_slli_11              
0000c616  __mspabi_slli_10              
0000c618  __mspabi_slli_9               
0000c61a  __mspabi_slli_8               
0000c61c  __mspabi_slli_7               
0000c61e  __mspabi_slli_6               
0000c620  __mspabi_slli_5               
0000c622  __mspabi_slli_4               
0000c624  __mspabi_slli_3               
0000c626  __mspabi_slli_2               
0000c628  __mspabi_slli_1               
0000c62c  strncpy                       
0000c680  Recieve_Data                  
0000c6a4  get_converted_data            
0000c6c4  _c_int00_noargs               
0000c6fc  strcat                        
0000c716  Send_Telemetry                
0000c72e  Intialize_ADC                 
0000c744  __TI_zero_init_nomemset       
0000c758  ADC10_ISR                     
0000c76a  __TI_decompress_none          
0000c77c  memcpy                        
0000c78e  Intialize                     
0000c79e  __mspabi_func_epilog_7        
0000c7a0  __mspabi_func_epilog_6        
0000c7a2  __mspabi_func_epilog_5        
0000c7a4  __mspabi_func_epilog_4        
0000c7a6  __mspabi_func_epilog_3        
0000c7a8  __mspabi_func_epilog_2        
0000c7aa  __mspabi_func_epilog_1        
0000c7ae  Make_ACK_Message              
0000c7bc  Make_NACK_Message             
0000c7ca  strlen                        
0000c7d8  Make_CommPing_Message         
0000c7e4  Make_Temp_Message             
0000c7f0  Send_Ack                      
0000c7fa  Send_Comm_Ping                
0000c804  Send_NAck                     
0000c80e  Start_Conversion_ADC          
0000c816  __TI_ISR_TRAP                 
0000c81e  malloc                        
0000c826  Enable_INT_Recieve            
0000c82c  C$$EXIT                       
0000c82c  abort                         
0000c832  _system_pre_init              
0000c836  _nop                          
0000c838  _system_post_cinit            
0000c852  __TI_Handler_Table_Base       
0000c858  __TI_Handler_Table_Limit      
0000c85c  __TI_CINIT_Base               
0000c864  __TI_CINIT_Limit              
0000ffe0  __TI_int00                    
0000ffe4  __TI_int02                    
0000ffe6  __TI_int03                    
0000ffea  __TI_int05                    
0000ffec  __TI_int06                    
0000ffee  __TI_int07                    
0000fff0  __TI_int08                    
0000fff2  __TI_int09                    
0000fff4  __TI_int10                    
0000fff6  __TI_int11                    
0000fff8  __TI_int12                    
0000fffa  __TI_int13                    
0000fffc  __TI_int14                    
0000fffe  _reset_vector                 
ffffffff  __TI_pprof_out_hndl           
ffffffff  __TI_prof_data_size           
ffffffff  __TI_prof_data_start          
ffffffff  __c_args__                    

[213 symbols]
