<?xml version="1.0" encoding="ISO-8859-1" ?>
<link_info>
   <banner>MSP430 Linker PC v18.12.2.LTS</banner>
   <copyright>Copyright (c) 2003-2018 Texas Instruments Incorporated</copyright>
   <link_time>0x5f67b868</link_time>
   <link_errors>0x0</link_errors>
   <output_file>EGSA.out</output_file>
   <entry_point>
      <name>_c_int00_noargs</name>
      <address>0xc6c4</address>
   </entry_point>
   <input_file_list>
      <input_file id="fl-2">
         <path>.\</path>
         <kind>object</kind>
         <file>ADC.obj</file>
         <name>ADC.obj</name>
      </input_file>
      <input_file id="fl-3">
         <path>.\</path>
         <kind>object</kind>
         <file>SSP_Deframing.obj</file>
         <name>SSP_Deframing.obj</name>
      </input_file>
      <input_file id="fl-4">
         <path>.\</path>
         <kind>object</kind>
         <file>SSP_Framing.obj</file>
         <name>SSP_Framing.obj</name>
      </input_file>
      <input_file id="fl-5">
         <path>.\</path>
         <kind>object</kind>
         <file>UART.obj</file>
         <name>UART.obj</name>
      </input_file>
      <input_file id="fl-6">
         <path>.\</path>
         <kind>object</kind>
         <file>headers.obj</file>
         <name>headers.obj</name>
      </input_file>
      <input_file id="fl-7">
         <path>.\</path>
         <kind>object</kind>
         <file>main.obj</file>
         <name>main.obj</name>
      </input_file>
      <input_file id="fl-c">
         <kind>object</kind>
         <file>&lt;internal&gt;</file>
         <name>&lt;internal&gt;</name>
      </input_file>
      <input_file id="fl-22">
         <path>C:\ti\ccs910\ccs\tools\compiler\ti-cgt-msp430_18.12.2.LTS\lib\</path>
         <kind>archive</kind>
         <file>rts430_eabi.lib</file>
         <name>epilog.asm.obj</name>
      </input_file>
      <input_file id="fl-23">
         <path>C:\ti\ccs910\ccs\tools\compiler\ti-cgt-msp430_18.12.2.LTS\lib\</path>
         <kind>archive</kind>
         <file>rts430_eabi.lib</file>
         <name>int00.asm.obj</name>
      </input_file>
      <input_file id="fl-24">
         <path>C:\ti\ccs910\ccs\tools\compiler\ti-cgt-msp430_18.12.2.LTS\lib\</path>
         <kind>archive</kind>
         <file>rts430_eabi.lib</file>
         <name>int02.asm.obj</name>
      </input_file>
      <input_file id="fl-25">
         <path>C:\ti\ccs910\ccs\tools\compiler\ti-cgt-msp430_18.12.2.LTS\lib\</path>
         <kind>archive</kind>
         <file>rts430_eabi.lib</file>
         <name>int03.asm.obj</name>
      </input_file>
      <input_file id="fl-26">
         <path>C:\ti\ccs910\ccs\tools\compiler\ti-cgt-msp430_18.12.2.LTS\lib\</path>
         <kind>archive</kind>
         <file>rts430_eabi.lib</file>
         <name>int06.asm.obj</name>
      </input_file>
      <input_file id="fl-27">
         <path>C:\ti\ccs910\ccs\tools\compiler\ti-cgt-msp430_18.12.2.LTS\lib\</path>
         <kind>archive</kind>
         <file>rts430_eabi.lib</file>
         <name>int08.asm.obj</name>
      </input_file>
      <input_file id="fl-28">
         <path>C:\ti\ccs910\ccs\tools\compiler\ti-cgt-msp430_18.12.2.LTS\lib\</path>
         <kind>archive</kind>
         <file>rts430_eabi.lib</file>
         <name>int09.asm.obj</name>
      </input_file>
      <input_file id="fl-29">
         <path>C:\ti\ccs910\ccs\tools\compiler\ti-cgt-msp430_18.12.2.LTS\lib\</path>
         <kind>archive</kind>
         <file>rts430_eabi.lib</file>
         <name>int10.asm.obj</name>
      </input_file>
      <input_file id="fl-2a">
         <path>C:\ti\ccs910\ccs\tools\compiler\ti-cgt-msp430_18.12.2.LTS\lib\</path>
         <kind>archive</kind>
         <file>rts430_eabi.lib</file>
         <name>int11.asm.obj</name>
      </input_file>
      <input_file id="fl-2b">
         <path>C:\ti\ccs910\ccs\tools\compiler\ti-cgt-msp430_18.12.2.LTS\lib\</path>
         <kind>archive</kind>
         <file>rts430_eabi.lib</file>
         <name>int12.asm.obj</name>
      </input_file>
      <input_file id="fl-2c">
         <path>C:\ti\ccs910\ccs\tools\compiler\ti-cgt-msp430_18.12.2.LTS\lib\</path>
         <kind>archive</kind>
         <file>rts430_eabi.lib</file>
         <name>int13.asm.obj</name>
      </input_file>
      <input_file id="fl-2d">
         <path>C:\ti\ccs910\ccs\tools\compiler\ti-cgt-msp430_18.12.2.LTS\lib\</path>
         <kind>archive</kind>
         <file>rts430_eabi.lib</file>
         <name>int14.asm.obj</name>
      </input_file>
      <input_file id="fl-2e">
         <path>C:\ti\ccs910\ccs\tools\compiler\ti-cgt-msp430_18.12.2.LTS\lib\</path>
         <kind>archive</kind>
         <file>rts430_eabi.lib</file>
         <name>isr_trap.asm.obj</name>
      </input_file>
      <input_file id="fl-2f">
         <path>C:\ti\ccs910\ccs\tools\compiler\ti-cgt-msp430_18.12.2.LTS\lib\</path>
         <kind>archive</kind>
         <file>rts430_eabi.lib</file>
         <name>boot.c.obj</name>
      </input_file>
      <input_file id="fl-30">
         <path>C:\ti\ccs910\ccs\tools\compiler\ti-cgt-msp430_18.12.2.LTS\lib\</path>
         <kind>archive</kind>
         <file>rts430_eabi.lib</file>
         <name>autoinit.c.obj</name>
      </input_file>
      <input_file id="fl-31">
         <path>C:\ti\ccs910\ccs\tools\compiler\ti-cgt-msp430_18.12.2.LTS\lib\</path>
         <kind>archive</kind>
         <file>rts430_eabi.lib</file>
         <name>copy_zero_init.c.obj</name>
      </input_file>
      <input_file id="fl-32">
         <path>C:\ti\ccs910\ccs\tools\compiler\ti-cgt-msp430_18.12.2.LTS\lib\</path>
         <kind>archive</kind>
         <file>rts430_eabi.lib</file>
         <name>cpy_tbl.c.obj</name>
      </input_file>
      <input_file id="fl-33">
         <path>C:\ti\ccs910\ccs\tools\compiler\ti-cgt-msp430_18.12.2.LTS\lib\</path>
         <kind>archive</kind>
         <file>rts430_eabi.lib</file>
         <name>mpu_init.c.obj</name>
      </input_file>
      <input_file id="fl-34">
         <path>C:\ti\ccs910\ccs\tools\compiler\ti-cgt-msp430_18.12.2.LTS\lib\</path>
         <kind>archive</kind>
         <file>rts430_eabi.lib</file>
         <name>pre_init.c.obj</name>
      </input_file>
      <input_file id="fl-35">
         <path>C:\ti\ccs910\ccs\tools\compiler\ti-cgt-msp430_18.12.2.LTS\lib\</path>
         <kind>archive</kind>
         <file>rts430_eabi.lib</file>
         <name>startup.c.obj</name>
      </input_file>
      <input_file id="fl-36">
         <path>C:\ti\ccs910\ccs\tools\compiler\ti-cgt-msp430_18.12.2.LTS\lib\</path>
         <kind>archive</kind>
         <file>rts430_eabi.lib</file>
         <name>copy_decompress_none.c.obj</name>
      </input_file>
      <input_file id="fl-37">
         <path>C:\ti\ccs910\ccs\tools\compiler\ti-cgt-msp430_18.12.2.LTS\lib\</path>
         <kind>archive</kind>
         <file>rts430_eabi.lib</file>
         <name>copy_decompress_lzss.c.obj</name>
      </input_file>
      <input_file id="fl-38">
         <path>C:\ti\ccs910\ccs\tools\compiler\ti-cgt-msp430_18.12.2.LTS\lib\</path>
         <kind>archive</kind>
         <file>rts430_eabi.lib</file>
         <name>exit.c.obj</name>
      </input_file>
      <input_file id="fl-39">
         <path>C:\ti\ccs910\ccs\tools\compiler\ti-cgt-msp430_18.12.2.LTS\lib\</path>
         <kind>archive</kind>
         <file>rts430_eabi.lib</file>
         <name>_lock.c.obj</name>
      </input_file>
      <input_file id="fl-3a">
         <path>C:\ti\ccs910\ccs\tools\compiler\ti-cgt-msp430_18.12.2.LTS\lib\</path>
         <kind>archive</kind>
         <file>rts430_eabi.lib</file>
         <name>args_main.c.obj</name>
      </input_file>
      <input_file id="fl-3b">
         <path>C:\ti\ccs910\ccs\tools\compiler\ti-cgt-msp430_18.12.2.LTS\lib\</path>
         <kind>archive</kind>
         <file>rts430_eabi.lib</file>
         <name>memcpy.c.obj</name>
      </input_file>
      <input_file id="fl-3c">
         <path>C:\ti\ccs910\ccs\tools\compiler\ti-cgt-msp430_18.12.2.LTS\lib\</path>
         <kind>archive</kind>
         <file>rts430_eabi.lib</file>
         <name>memory.c.obj</name>
      </input_file>
      <input_file id="fl-3d">
         <path>C:\ti\ccs910\ccs\tools\compiler\ti-cgt-msp430_18.12.2.LTS\lib\</path>
         <kind>archive</kind>
         <file>rts430_eabi.lib</file>
         <name>memset.c.obj</name>
      </input_file>
      <input_file id="fl-3e">
         <path>C:\ti\ccs910\ccs\tools\compiler\ti-cgt-msp430_18.12.2.LTS\lib\</path>
         <kind>archive</kind>
         <file>rts430_eabi.lib</file>
         <name>strcat.c.obj</name>
      </input_file>
      <input_file id="fl-3f">
         <path>C:\ti\ccs910\ccs\tools\compiler\ti-cgt-msp430_18.12.2.LTS\lib\</path>
         <kind>archive</kind>
         <file>rts430_eabi.lib</file>
         <name>strlen.c.obj</name>
      </input_file>
      <input_file id="fl-40">
         <path>C:\ti\ccs910\ccs\tools\compiler\ti-cgt-msp430_18.12.2.LTS\lib\</path>
         <kind>archive</kind>
         <file>rts430_eabi.lib</file>
         <name>strncpy.c.obj</name>
      </input_file>
      <input_file id="fl-41">
         <path>C:\ti\ccs910\ccs\tools\compiler\ti-cgt-msp430_18.12.2.LTS\lib\</path>
         <kind>archive</kind>
         <file>rts430_eabi.lib</file>
         <name>div16u.asm.obj</name>
      </input_file>
      <input_file id="fl-42">
         <path>C:\ti\ccs910\ccs\tools\compiler\ti-cgt-msp430_18.12.2.LTS\lib\</path>
         <kind>archive</kind>
         <file>rts430_eabi.lib</file>
         <name>lsl16.asm.obj</name>
      </input_file>
      <input_file id="fl-43">
         <path>C:\ti\ccs910\ccs\tools\compiler\ti-cgt-msp430_18.12.2.LTS\lib\</path>
         <kind>archive</kind>
         <file>rts430_eabi.lib</file>
         <name>lsr16.asm.obj</name>
      </input_file>
      <input_file id="fl-44">
         <path>C:\ti\ccs910\ccs\tools\compiler\ti-cgt-msp430_18.12.2.LTS\lib\</path>
         <kind>archive</kind>
         <file>rts430_eabi.lib</file>
         <name>mult16.asm.obj</name>
      </input_file>
      <input_file id="fl-45">
         <path>C:\ti\ccs910\ccs\tools\compiler\ti-cgt-msp430_18.12.2.LTS\lib\</path>
         <kind>archive</kind>
         <file>rts430_eabi.lib</file>
         <name>exit_gvars.c.obj</name>
      </input_file>
   </input_file_list>
   <object_component_list>
      <object_component id="oc-31e">
         <name>.bss</name>
         <uninitialized>true</uninitialized>
         <run_address>0x250</run_address>
         <size>0x2</size>
         <input_file_ref idref="fl-3c"/>
      </object_component>
      <object_component id="oc-149">
         <name>.common:Temperature</name>
         <uninitialized>true</uninitialized>
         <run_address>0x25c</run_address>
         <size>0x1</size>
      </object_component>
      <object_component id="oc-150">
         <name>.common:Conversion_Ended</name>
         <uninitialized>true</uninitialized>
         <run_address>0x252</run_address>
         <size>0x2</size>
      </object_component>
      <object_component id="oc-155">
         <name>.common:Data</name>
         <uninitialized>true</uninitialized>
         <run_address>0x254</run_address>
         <size>0x2</size>
      </object_component>
      <object_component id="oc-152">
         <name>.common:data_to_be_recieved</name>
         <uninitialized>true</uninitialized>
         <run_address>0x25d</run_address>
         <size>0x1</size>
      </object_component>
      <object_component id="oc-15e">
         <name>.common:Recieve_Ended</name>
         <uninitialized>true</uninitialized>
         <run_address>0x256</run_address>
         <size>0x2</size>
      </object_component>
      <object_component id="oc-15c">
         <name>.common:delimiter_State</name>
         <uninitialized>true</uninitialized>
         <run_address>0x258</run_address>
         <size>0x2</size>
      </object_component>
      <object_component id="oc-15d">
         <name>.common:first_flag</name>
         <uninitialized>true</uninitialized>
         <run_address>0x25a</run_address>
         <size>0x2</size>
      </object_component>
      <object_component id="oc-1df">
         <name>.data</name>
         <load_address>0x262</load_address>
         <run_address>0x262</run_address>
         <size>0x2</size>
         <input_file_ref idref="fl-7"/>
      </object_component>
      <object_component id="oc-27e">
         <name>.data:_lock</name>
         <load_address>0x25e</load_address>
         <run_address>0x25e</run_address>
         <size>0x2</size>
         <input_file_ref idref="fl-39"/>
      </object_component>
      <object_component id="oc-287">
         <name>.data:_unlock</name>
         <load_address>0x260</load_address>
         <run_address>0x260</run_address>
         <size>0x2</size>
         <input_file_ref idref="fl-39"/>
      </object_component>
      <object_component id="oc-31b">
         <name>.data</name>
         <load_address>0x264</load_address>
         <run_address>0x264</run_address>
         <size>0x2</size>
         <input_file_ref idref="fl-3c"/>
      </object_component>
      <object_component id="oc-b5">
         <name>.sysmem</name>
         <uninitialized>true</uninitialized>
         <run_address>0x200</run_address>
         <size>0x8</size>
         <input_file_ref idref="fl-3c"/>
      </object_component>
      <object_component id="oc-383">
         <name>.sysmem</name>
         <uninitialized>true</uninitialized>
         <run_address>0x200</run_address>
         <size>0x0</size>
      </object_component>
      <object_component id="oc-b1">
         <name>.stack</name>
         <uninitialized>true</uninitialized>
         <run_address>0x3b0</run_address>
         <size>0x2</size>
         <input_file_ref idref="fl-2f"/>
      </object_component>
      <object_component id="oc-382">
         <name>.stack</name>
         <uninitialized>true</uninitialized>
         <run_address>0x3b0</run_address>
         <size>0x0</size>
      </object_component>
      <object_component id="oc-ea">
         <name>.text:USCI0RX_ISR</name>
         <load_address>0xc000</load_address>
         <run_address>0xc000</run_address>
         <size>0x110</size>
         <input_file_ref idref="fl-5"/>
      </object_component>
      <object_component id="oc-2fb">
         <name>.text:aligned_alloc</name>
         <load_address>0xc110</load_address>
         <run_address>0xc110</run_address>
         <size>0xe6</size>
         <input_file_ref idref="fl-3c"/>
      </object_component>
      <object_component id="oc-2b8">
         <name>.text:Get_Frame</name>
         <load_address>0xc1f6</load_address>
         <run_address>0xc1f6</run_address>
         <size>0xdc</size>
         <input_file_ref idref="fl-4"/>
      </object_component>
      <object_component id="oc-16e">
         <name>.text:main</name>
         <load_address>0xc2d2</load_address>
         <run_address>0xc2d2</run_address>
         <size>0xb6</size>
         <input_file_ref idref="fl-7"/>
      </object_component>
      <object_component id="oc-34">
         <name>.text:decompress:lzss:__TI_decompress_lzss</name>
         <load_address>0xc388</load_address>
         <run_address>0xc388</run_address>
         <size>0x7c</size>
         <input_file_ref idref="fl-37"/>
      </object_component>
      <object_component id="oc-1d3">
         <name>.text:Return_from_frame</name>
         <load_address>0xc404</load_address>
         <run_address>0xc404</run_address>
         <size>0x7a</size>
         <input_file_ref idref="fl-3"/>
      </object_component>
      <object_component id="oc-32d">
         <name>.text:split</name>
         <load_address>0xc47e</load_address>
         <run_address>0xc47e</run_address>
         <size>0x6e</size>
         <input_file_ref idref="fl-3c"/>
      </object_component>
      <object_component id="oc-236">
         <name>.text:Intialize_UART</name>
         <load_address>0xc4ec</load_address>
         <run_address>0xc4ec</run_address>
         <size>0x4e</size>
         <input_file_ref idref="fl-5"/>
      </object_component>
      <object_component id="oc-bd">
         <name>.text</name>
         <load_address>0xc53a</load_address>
         <run_address>0xc53a</run_address>
         <size>0x4c</size>
         <input_file_ref idref="fl-43"/>
      </object_component>
      <object_component id="oc-1f5">
         <name>.text:__TI_auto_init_nobinit_nopinit:__TI_auto_init_nobinit_nopinit</name>
         <load_address>0xc586</load_address>
         <run_address>0xc586</run_address>
         <size>0x42</size>
         <input_file_ref idref="fl-30"/>
      </object_component>
      <object_component id="oc-243">
         <name>.text:Transmit_UART</name>
         <load_address>0xc5c8</load_address>
         <run_address>0xc5c8</run_address>
         <size>0x38</size>
         <input_file_ref idref="fl-5"/>
      </object_component>
      <object_component id="oc-b8">
         <name>.text</name>
         <load_address>0xc600</load_address>
         <run_address>0xc600</run_address>
         <size>0x2c</size>
         <input_file_ref idref="fl-42"/>
      </object_component>
      <object_component id="oc-258">
         <name>.text:strncpy</name>
         <load_address>0xc62c</load_address>
         <run_address>0xc62c</run_address>
         <size>0x2c</size>
         <input_file_ref idref="fl-40"/>
      </object_component>
      <object_component id="oc-327">
         <name>.text:free_list_insert</name>
         <load_address>0xc658</load_address>
         <run_address>0xc658</run_address>
         <size>0x28</size>
         <input_file_ref idref="fl-3c"/>
      </object_component>
      <object_component id="oc-1cd">
         <name>.text:Recieve_Data</name>
         <load_address>0xc680</load_address>
         <run_address>0xc680</run_address>
         <size>0x24</size>
         <input_file_ref idref="fl-5"/>
      </object_component>
      <object_component id="oc-26d">
         <name>.text:get_converted_data</name>
         <load_address>0xc6a4</load_address>
         <run_address>0xc6a4</run_address>
         <size>0x20</size>
         <input_file_ref idref="fl-2"/>
      </object_component>
      <object_component id="oc-102">
         <name>.text:_c_int00_noargs</name>
         <load_address>0xc6c4</load_address>
         <run_address>0xc6c4</run_address>
         <size>0x1c</size>
         <input_file_ref idref="fl-2f"/>
      </object_component>
      <object_component id="oc-321">
         <name>.text:free_list_remove</name>
         <load_address>0xc6e0</load_address>
         <run_address>0xc6e0</run_address>
         <size>0x1c</size>
         <input_file_ref idref="fl-3c"/>
      </object_component>
      <object_component id="oc-302">
         <name>.text:strcat</name>
         <load_address>0xc6fc</load_address>
         <run_address>0xc6fc</run_address>
         <size>0x1a</size>
         <input_file_ref idref="fl-3e"/>
      </object_component>
      <object_component id="oc-1e2">
         <name>.text:Send_Telemetry</name>
         <load_address>0xc716</load_address>
         <run_address>0xc716</run_address>
         <size>0x18</size>
         <input_file_ref idref="fl-6"/>
      </object_component>
      <object_component id="oc-230">
         <name>.text:Intialize_ADC</name>
         <load_address>0xc72e</load_address>
         <run_address>0xc72e</run_address>
         <size>0x16</size>
         <input_file_ref idref="fl-2"/>
      </object_component>
      <object_component id="oc-f0">
         <name>.text:decompress:ZI:__TI_zero_init_nomemset:__TI_zero_init_nomemset</name>
         <load_address>0xc744</load_address>
         <run_address>0xc744</run_address>
         <size>0x14</size>
         <input_file_ref idref="fl-31"/>
      </object_component>
      <object_component id="oc-e4">
         <name>.text:ADC10_ISR</name>
         <load_address>0xc758</load_address>
         <run_address>0xc758</run_address>
         <size>0x12</size>
         <input_file_ref idref="fl-2"/>
      </object_component>
      <object_component id="oc-3a">
         <name>.text:decompress:none:__TI_decompress_none</name>
         <load_address>0xc76a</load_address>
         <run_address>0xc76a</run_address>
         <size>0x12</size>
         <input_file_ref idref="fl-36"/>
      </object_component>
      <object_component id="oc-d2">
         <name>.text:memcpy</name>
         <load_address>0xc77c</load_address>
         <run_address>0xc77c</run_address>
         <size>0x12</size>
         <input_file_ref idref="fl-3b"/>
      </object_component>
      <object_component id="oc-1bb">
         <name>.text:Intialize</name>
         <load_address>0xc78e</load_address>
         <run_address>0xc78e</run_address>
         <size>0x10</size>
         <input_file_ref idref="fl-6"/>
      </object_component>
      <object_component id="oc-c2">
         <name>.text</name>
         <load_address>0xc79e</load_address>
         <run_address>0xc79e</run_address>
         <size>0x10</size>
         <input_file_ref idref="fl-22"/>
      </object_component>
      <object_component id="oc-25f">
         <name>.text:Make_ACK_Message</name>
         <load_address>0xc7ae</load_address>
         <run_address>0xc7ae</run_address>
         <size>0xe</size>
         <input_file_ref idref="fl-4"/>
      </object_component>
      <object_component id="oc-23d">
         <name>.text:Make_NACK_Message</name>
         <load_address>0xc7bc</load_address>
         <run_address>0xc7bc</run_address>
         <size>0xe</size>
         <input_file_ref idref="fl-4"/>
      </object_component>
      <object_component id="oc-156">
         <name>.text:strlen</name>
         <load_address>0xc7ca</load_address>
         <run_address>0xc7ca</run_address>
         <size>0xe</size>
         <input_file_ref idref="fl-3f"/>
      </object_component>
      <object_component id="oc-24a">
         <name>.text:Make_CommPing_Message</name>
         <load_address>0xc7d8</load_address>
         <run_address>0xc7d8</run_address>
         <size>0xc</size>
         <input_file_ref idref="fl-4"/>
      </object_component>
      <object_component id="oc-273">
         <name>.text:Make_Temp_Message</name>
         <load_address>0xc7e4</load_address>
         <run_address>0xc7e4</run_address>
         <size>0xc</size>
         <input_file_ref idref="fl-4"/>
      </object_component>
      <object_component id="oc-1d9">
         <name>.text:Send_Ack</name>
         <load_address>0xc7f0</load_address>
         <run_address>0xc7f0</run_address>
         <size>0xa</size>
         <input_file_ref idref="fl-6"/>
      </object_component>
      <object_component id="oc-1c7">
         <name>.text:Send_Comm_Ping</name>
         <load_address>0xc7fa</load_address>
         <run_address>0xc7fa</run_address>
         <size>0xa</size>
         <input_file_ref idref="fl-6"/>
      </object_component>
      <object_component id="oc-1c1">
         <name>.text:Send_NAck</name>
         <load_address>0xc804</load_address>
         <run_address>0xc804</run_address>
         <size>0xa</size>
         <input_file_ref idref="fl-6"/>
      </object_component>
      <object_component id="oc-2c6">
         <name>.text:Start_Conversion_ADC</name>
         <load_address>0xc80e</load_address>
         <run_address>0xc80e</run_address>
         <size>0x8</size>
         <input_file_ref idref="fl-2"/>
      </object_component>
      <object_component id="oc-df">
         <name>.text:_isr:__TI_ISR_TRAP</name>
         <load_address>0xc816</load_address>
         <run_address>0xc816</run_address>
         <size>0x8</size>
         <input_file_ref idref="fl-2e"/>
      </object_component>
      <object_component id="oc-2b0">
         <name>.text:malloc</name>
         <load_address>0xc81e</load_address>
         <run_address>0xc81e</run_address>
         <size>0x8</size>
         <input_file_ref idref="fl-3c"/>
      </object_component>
      <object_component id="oc-251">
         <name>.text:Enable_INT_Recieve</name>
         <load_address>0xc826</load_address>
         <run_address>0xc826</run_address>
         <size>0x6</size>
         <input_file_ref idref="fl-5"/>
      </object_component>
      <object_component id="oc-1e9">
         <name>.text:abort</name>
         <load_address>0xc82c</load_address>
         <run_address>0xc82c</run_address>
         <size>0x6</size>
         <input_file_ref idref="fl-38"/>
      </object_component>
      <object_component id="oc-168">
         <name>.text:_system_pre_init</name>
         <load_address>0xc832</load_address>
         <run_address>0xc832</run_address>
         <size>0x4</size>
         <input_file_ref idref="fl-34"/>
      </object_component>
      <object_component id="oc-2d0">
         <name>.text:_nop</name>
         <load_address>0xc836</load_address>
         <run_address>0xc836</run_address>
         <size>0x2</size>
         <input_file_ref idref="fl-39"/>
      </object_component>
      <object_component id="oc-28c">
         <name>.text:_system_post_cinit</name>
         <load_address>0xc838</load_address>
         <run_address>0xc838</run_address>
         <size>0x2</size>
         <input_file_ref idref="fl-35"/>
      </object_component>
      <object_component id="oc-381">
         <name>.cinit..data.load</name>
         <load_address>0xc846</load_address>
         <run_address>0xc846</run_address>
         <size>0xb</size>
      </object_component>
      <object_component id="oc-37e">
         <name>__TI_handler_table</name>
         <load_address>0xc852</load_address>
         <run_address>0xc852</run_address>
         <size>0x6</size>
      </object_component>
      <object_component id="oc-380">
         <name>.cinit..bss.load</name>
         <load_address>0xc858</load_address>
         <run_address>0xc858</run_address>
         <size>0x4</size>
      </object_component>
      <object_component id="oc-37f">
         <name>__TI_cinit_table</name>
         <load_address>0xc85c</load_address>
         <run_address>0xc85c</run_address>
         <size>0x8</size>
      </object_component>
      <object_component id="oc-2b7">
         <name>.const:.string</name>
         <load_address>0xc83a</load_address>
         <run_address>0xc83a</run_address>
         <size>0xc</size>
         <input_file_ref idref="fl-4"/>
      </object_component>
      <object_component id="oc-340">
         <name>.binit</name>
         <load_address>0xc000</load_address>
         <run_address>0xc000</run_address>
         <size>0x0</size>
      </object_component>
      <object_component id="oc-40">
         <name>.int00</name>
         <load_address>0xffe0</load_address>
         <run_address>0xffe0</run_address>
         <size>0x2</size>
         <input_file_ref idref="fl-23"/>
      </object_component>
      <object_component id="oc-41">
         <name>.int02</name>
         <load_address>0xffe4</load_address>
         <run_address>0xffe4</run_address>
         <size>0x2</size>
         <input_file_ref idref="fl-24"/>
      </object_component>
      <object_component id="oc-42">
         <name>.int03</name>
         <load_address>0xffe6</load_address>
         <run_address>0xffe6</run_address>
         <size>0x2</size>
         <input_file_ref idref="fl-25"/>
      </object_component>
      <object_component id="oc-43">
         <name>.int05</name>
         <load_address>0xffea</load_address>
         <run_address>0xffea</run_address>
         <size>0x2</size>
         <input_file_ref idref="fl-2"/>
      </object_component>
      <object_component id="oc-44">
         <name>.int06</name>
         <load_address>0xffec</load_address>
         <run_address>0xffec</run_address>
         <size>0x2</size>
         <input_file_ref idref="fl-26"/>
      </object_component>
      <object_component id="oc-45">
         <name>.int07</name>
         <load_address>0xffee</load_address>
         <run_address>0xffee</run_address>
         <size>0x2</size>
         <input_file_ref idref="fl-5"/>
      </object_component>
      <object_component id="oc-46">
         <name>.int08</name>
         <load_address>0xfff0</load_address>
         <run_address>0xfff0</run_address>
         <size>0x2</size>
         <input_file_ref idref="fl-27"/>
      </object_component>
      <object_component id="oc-47">
         <name>.int09</name>
         <load_address>0xfff2</load_address>
         <run_address>0xfff2</run_address>
         <size>0x2</size>
         <input_file_ref idref="fl-28"/>
      </object_component>
      <object_component id="oc-48">
         <name>.int10</name>
         <load_address>0xfff4</load_address>
         <run_address>0xfff4</run_address>
         <size>0x2</size>
         <input_file_ref idref="fl-29"/>
      </object_component>
      <object_component id="oc-49">
         <name>.int11</name>
         <load_address>0xfff6</load_address>
         <run_address>0xfff6</run_address>
         <size>0x2</size>
         <input_file_ref idref="fl-2a"/>
      </object_component>
      <object_component id="oc-4a">
         <name>.int12</name>
         <load_address>0xfff8</load_address>
         <run_address>0xfff8</run_address>
         <size>0x2</size>
         <input_file_ref idref="fl-2b"/>
      </object_component>
      <object_component id="oc-4b">
         <name>.int13</name>
         <load_address>0xfffa</load_address>
         <run_address>0xfffa</run_address>
         <size>0x2</size>
         <input_file_ref idref="fl-2c"/>
      </object_component>
      <object_component id="oc-4c">
         <name>.int14</name>
         <load_address>0xfffc</load_address>
         <run_address>0xfffc</run_address>
         <size>0x2</size>
         <input_file_ref idref="fl-2d"/>
      </object_component>
      <object_component id="oc-b4">
         <name>.reset</name>
         <load_address>0xfffe</load_address>
         <run_address>0xfffe</run_address>
         <size>0x2</size>
         <input_file_ref idref="fl-2f"/>
      </object_component>
      <object_component id="oc-14a">
         <name>.debug_info</name>
         <load_address>0x0</load_address>
         <run_address>0x0</run_address>
         <size>0x25c</size>
         <input_file_ref idref="fl-2"/>
      </object_component>
      <object_component id="oc-2c9">
         <name>.debug_info</name>
         <load_address>0x25c</load_address>
         <run_address>0x25c</run_address>
         <size>0x103</size>
         <input_file_ref idref="fl-2"/>
      </object_component>
      <object_component id="oc-26e">
         <name>.debug_info</name>
         <load_address>0x35f</load_address>
         <run_address>0x35f</run_address>
         <size>0x13c</size>
         <input_file_ref idref="fl-2"/>
      </object_component>
      <object_component id="oc-231">
         <name>.debug_info</name>
         <load_address>0x49b</load_address>
         <run_address>0x49b</run_address>
         <size>0xf5</size>
         <input_file_ref idref="fl-2"/>
      </object_component>
      <object_component id="oc-e6">
         <name>.debug_info</name>
         <load_address>0x590</load_address>
         <run_address>0x590</run_address>
         <size>0xee</size>
         <input_file_ref idref="fl-2"/>
      </object_component>
      <object_component id="oc-1a1">
         <name>.debug_info</name>
         <load_address>0x67e</load_address>
         <run_address>0x67e</run_address>
         <size>0x26b</size>
         <input_file_ref idref="fl-2"/>
      </object_component>
      <object_component id="oc-cd">
         <name>.debug_info</name>
         <load_address>0x8e9</load_address>
         <run_address>0x8e9</run_address>
         <size>0x84</size>
         <input_file_ref idref="fl-2"/>
      </object_component>
      <object_component id="oc-228">
         <name>.debug_info</name>
         <load_address>0x96d</load_address>
         <run_address>0x96d</run_address>
         <size>0x275</size>
         <input_file_ref idref="fl-2"/>
      </object_component>
      <object_component id="oc-1a8">
         <name>.debug_info</name>
         <load_address>0xbe2</load_address>
         <run_address>0xbe2</run_address>
         <size>0xbb</size>
         <input_file_ref idref="fl-2"/>
      </object_component>
      <object_component id="oc-13c">
         <name>.debug_info</name>
         <load_address>0xc9d</load_address>
         <run_address>0xc9d</run_address>
         <size>0x2c</size>
         <input_file_ref idref="fl-2"/>
      </object_component>
      <object_component id="oc-22d">
         <name>.debug_info</name>
         <load_address>0xcc9</load_address>
         <run_address>0xcc9</run_address>
         <size>0x1a1</size>
         <input_file_ref idref="fl-3"/>
      </object_component>
      <object_component id="oc-1d5">
         <name>.debug_info</name>
         <load_address>0xe6a</load_address>
         <run_address>0xe6a</run_address>
         <size>0x16b</size>
         <input_file_ref idref="fl-3"/>
      </object_component>
      <object_component id="oc-1af">
         <name>.debug_info</name>
         <load_address>0xfd5</load_address>
         <run_address>0xfd5</run_address>
         <size>0x9a</size>
         <input_file_ref idref="fl-3"/>
      </object_component>
      <object_component id="oc-2bf">
         <name>.debug_info</name>
         <load_address>0x106f</load_address>
         <run_address>0x106f</run_address>
         <size>0x1e2</size>
         <input_file_ref idref="fl-4"/>
      </object_component>
      <object_component id="oc-2b9">
         <name>.debug_info</name>
         <load_address>0x1251</load_address>
         <run_address>0x1251</run_address>
         <size>0x23b</size>
         <input_file_ref idref="fl-4"/>
      </object_component>
      <object_component id="oc-274">
         <name>.debug_info</name>
         <load_address>0x148c</load_address>
         <run_address>0x148c</run_address>
         <size>0x178</size>
         <input_file_ref idref="fl-4"/>
      </object_component>
      <object_component id="oc-23e">
         <name>.debug_info</name>
         <load_address>0x1604</load_address>
         <run_address>0x1604</run_address>
         <size>0x156</size>
         <input_file_ref idref="fl-4"/>
      </object_component>
      <object_component id="oc-24b">
         <name>.debug_info</name>
         <load_address>0x175a</load_address>
         <run_address>0x175a</run_address>
         <size>0x15e</size>
         <input_file_ref idref="fl-4"/>
      </object_component>
      <object_component id="oc-262">
         <name>.debug_info</name>
         <load_address>0x18b8</load_address>
         <run_address>0x18b8</run_address>
         <size>0x154</size>
         <input_file_ref idref="fl-4"/>
      </object_component>
      <object_component id="oc-153">
         <name>.debug_info</name>
         <load_address>0x1a0c</load_address>
         <run_address>0x1a0c</run_address>
         <size>0x40c</size>
         <input_file_ref idref="fl-5"/>
      </object_component>
      <object_component id="oc-eb">
         <name>.debug_info</name>
         <load_address>0x1e18</load_address>
         <run_address>0x1e18</run_address>
         <size>0x128</size>
         <input_file_ref idref="fl-5"/>
      </object_component>
      <object_component id="oc-244">
         <name>.debug_info</name>
         <load_address>0x1f40</load_address>
         <run_address>0x1f40</run_address>
         <size>0x147</size>
         <input_file_ref idref="fl-5"/>
      </object_component>
      <object_component id="oc-252">
         <name>.debug_info</name>
         <load_address>0x2087</load_address>
         <run_address>0x2087</run_address>
         <size>0x102</size>
         <input_file_ref idref="fl-5"/>
      </object_component>
      <object_component id="oc-1cf">
         <name>.debug_info</name>
         <load_address>0x2189</load_address>
         <run_address>0x2189</run_address>
         <size>0x113</size>
         <input_file_ref idref="fl-5"/>
      </object_component>
      <object_component id="oc-237">
         <name>.debug_info</name>
         <load_address>0x229c</load_address>
         <run_address>0x229c</run_address>
         <size>0x107</size>
         <input_file_ref idref="fl-5"/>
      </object_component>
      <object_component id="oc-14c">
         <name>.debug_info</name>
         <load_address>0x23a3</load_address>
         <run_address>0x23a3</run_address>
         <size>0x43a</size>
         <input_file_ref idref="fl-6"/>
      </object_component>
      <object_component id="oc-1e3">
         <name>.debug_info</name>
         <load_address>0x27dd</load_address>
         <run_address>0x27dd</run_address>
         <size>0x187</size>
         <input_file_ref idref="fl-6"/>
      </object_component>
      <object_component id="oc-1c4">
         <name>.debug_info</name>
         <load_address>0x2964</load_address>
         <run_address>0x2964</run_address>
         <size>0x13c</size>
         <input_file_ref idref="fl-6"/>
      </object_component>
      <object_component id="oc-1cb">
         <name>.debug_info</name>
         <load_address>0x2aa0</load_address>
         <run_address>0x2aa0</run_address>
         <size>0x14a</size>
         <input_file_ref idref="fl-6"/>
      </object_component>
      <object_component id="oc-1dd">
         <name>.debug_info</name>
         <load_address>0x2bea</load_address>
         <run_address>0x2bea</run_address>
         <size>0x139</size>
         <input_file_ref idref="fl-6"/>
      </object_component>
      <object_component id="oc-1bf">
         <name>.debug_info</name>
         <load_address>0x2d23</load_address>
         <run_address>0x2d23</run_address>
         <size>0x122</size>
         <input_file_ref idref="fl-6"/>
      </object_component>
      <object_component id="oc-268">
         <name>.debug_info</name>
         <load_address>0x2e45</load_address>
         <run_address>0x2e45</run_address>
         <size>0x4c</size>
         <input_file_ref idref="fl-6"/>
      </object_component>
      <object_component id="oc-14e">
         <name>.debug_info</name>
         <load_address>0x2e91</load_address>
         <run_address>0x2e91</run_address>
         <size>0x3f0</size>
         <input_file_ref idref="fl-7"/>
      </object_component>
      <object_component id="oc-1e0">
         <name>.debug_info</name>
         <load_address>0x3281</load_address>
         <run_address>0x3281</run_address>
         <size>0xce</size>
         <input_file_ref idref="fl-7"/>
      </object_component>
      <object_component id="oc-16f">
         <name>.debug_info</name>
         <load_address>0x334f</load_address>
         <run_address>0x334f</run_address>
         <size>0x1e5</size>
         <input_file_ref idref="fl-7"/>
      </object_component>
      <object_component id="oc-c4">
         <name>.debug_info</name>
         <load_address>0x3534</load_address>
         <run_address>0x3534</run_address>
         <size>0x12f</size>
         <input_file_ref idref="fl-22"/>
      </object_component>
      <object_component id="oc-e2">
         <name>.debug_info</name>
         <load_address>0x3663</load_address>
         <run_address>0x3663</run_address>
         <size>0x110</size>
         <input_file_ref idref="fl-2e"/>
      </object_component>
      <object_component id="oc-b2">
         <name>.debug_info</name>
         <load_address>0x3773</load_address>
         <run_address>0x3773</run_address>
         <size>0x101</size>
         <input_file_ref idref="fl-2f"/>
      </object_component>
      <object_component id="oc-103">
         <name>.debug_info</name>
         <load_address>0x3874</load_address>
         <run_address>0x3874</run_address>
         <size>0x17b</size>
         <input_file_ref idref="fl-2f"/>
      </object_component>
      <object_component id="oc-293">
         <name>.debug_info</name>
         <load_address>0x39ef</load_address>
         <run_address>0x39ef</run_address>
         <size>0x3df</size>
         <input_file_ref idref="fl-30"/>
      </object_component>
      <object_component id="oc-1f8">
         <name>.debug_info</name>
         <load_address>0x3dce</load_address>
         <run_address>0x3dce</run_address>
         <size>0x1e1</size>
         <input_file_ref idref="fl-30"/>
      </object_component>
      <object_component id="oc-2e5">
         <name>.debug_info</name>
         <load_address>0x3faf</load_address>
         <run_address>0x3faf</run_address>
         <size>0x39</size>
         <input_file_ref idref="fl-30"/>
      </object_component>
      <object_component id="oc-2f6">
         <name>.debug_info</name>
         <load_address>0x3fe8</load_address>
         <run_address>0x3fe8</run_address>
         <size>0x2c</size>
         <input_file_ref idref="fl-30"/>
      </object_component>
      <object_component id="oc-29e">
         <name>.debug_info</name>
         <load_address>0x4014</load_address>
         <run_address>0x4014</run_address>
         <size>0x2c</size>
         <input_file_ref idref="fl-30"/>
      </object_component>
      <object_component id="oc-2ea">
         <name>.debug_info</name>
         <load_address>0x4040</load_address>
         <run_address>0x4040</run_address>
         <size>0xcd</size>
         <input_file_ref idref="fl-30"/>
      </object_component>
      <object_component id="oc-166">
         <name>.debug_info</name>
         <load_address>0x410d</load_address>
         <run_address>0x410d</run_address>
         <size>0x176</size>
         <input_file_ref idref="fl-31"/>
      </object_component>
      <object_component id="oc-f1">
         <name>.debug_info</name>
         <load_address>0x4283</load_address>
         <run_address>0x4283</run_address>
         <size>0x1d3</size>
         <input_file_ref idref="fl-31"/>
      </object_component>
      <object_component id="oc-161">
         <name>.debug_info</name>
         <load_address>0x4456</load_address>
         <run_address>0x4456</run_address>
         <size>0x46</size>
         <input_file_ref idref="fl-31"/>
      </object_component>
      <object_component id="oc-169">
         <name>.debug_info</name>
         <load_address>0x449c</load_address>
         <run_address>0x449c</run_address>
         <size>0x154</size>
         <input_file_ref idref="fl-34"/>
      </object_component>
      <object_component id="oc-290">
         <name>.debug_info</name>
         <load_address>0x45f0</load_address>
         <run_address>0x45f0</run_address>
         <size>0x151</size>
         <input_file_ref idref="fl-35"/>
      </object_component>
      <object_component id="oc-de">
         <name>.debug_info</name>
         <load_address>0x4741</load_address>
         <run_address>0x4741</run_address>
         <size>0x181</size>
         <input_file_ref idref="fl-36"/>
      </object_component>
      <object_component id="oc-3c">
         <name>.debug_info</name>
         <load_address>0x48c2</load_address>
         <run_address>0x48c2</run_address>
         <size>0x1eb</size>
         <input_file_ref idref="fl-36"/>
      </object_component>
      <object_component id="oc-d9">
         <name>.debug_info</name>
         <load_address>0x4aad</load_address>
         <run_address>0x4aad</run_address>
         <size>0x46</size>
         <input_file_ref idref="fl-36"/>
      </object_component>
      <object_component id="oc-141">
         <name>.debug_info</name>
         <load_address>0x4af3</load_address>
         <run_address>0x4af3</run_address>
         <size>0x2c</size>
         <input_file_ref idref="fl-36"/>
      </object_component>
      <object_component id="oc-139">
         <name>.debug_info</name>
         <load_address>0x4b1f</load_address>
         <run_address>0x4b1f</run_address>
         <size>0x177</size>
         <input_file_ref idref="fl-37"/>
      </object_component>
      <object_component id="oc-35">
         <name>.debug_info</name>
         <load_address>0x4c96</load_address>
         <run_address>0x4c96</run_address>
         <size>0x293</size>
         <input_file_ref idref="fl-37"/>
      </object_component>
      <object_component id="oc-c8">
         <name>.debug_info</name>
         <load_address>0x4f29</load_address>
         <run_address>0x4f29</run_address>
         <size>0x60</size>
         <input_file_ref idref="fl-37"/>
      </object_component>
      <object_component id="oc-196">
         <name>.debug_info</name>
         <load_address>0x4f89</load_address>
         <run_address>0x4f89</run_address>
         <size>0x46</size>
         <input_file_ref idref="fl-37"/>
      </object_component>
      <object_component id="oc-134">
         <name>.debug_info</name>
         <load_address>0x4fcf</load_address>
         <run_address>0x4fcf</run_address>
         <size>0x39</size>
         <input_file_ref idref="fl-37"/>
      </object_component>
      <object_component id="oc-1ea">
         <name>.debug_info</name>
         <load_address>0x5008</load_address>
         <run_address>0x5008</run_address>
         <size>0x123</size>
         <input_file_ref idref="fl-38"/>
      </object_component>
      <object_component id="oc-2d8">
         <name>.debug_info</name>
         <load_address>0x512b</load_address>
         <run_address>0x512b</run_address>
         <size>0x164</size>
         <input_file_ref idref="fl-39"/>
      </object_component>
      <object_component id="oc-27f">
         <name>.debug_info</name>
         <load_address>0x528f</load_address>
         <run_address>0x528f</run_address>
         <size>0x100</size>
         <input_file_ref idref="fl-39"/>
      </object_component>
      <object_component id="oc-288">
         <name>.debug_info</name>
         <load_address>0x538f</load_address>
         <run_address>0x538f</run_address>
         <size>0x104</size>
         <input_file_ref idref="fl-39"/>
      </object_component>
      <object_component id="oc-2d1">
         <name>.debug_info</name>
         <load_address>0x5493</load_address>
         <run_address>0x5493</run_address>
         <size>0x12f</size>
         <input_file_ref idref="fl-39"/>
      </object_component>
      <object_component id="oc-13b">
         <name>.debug_info</name>
         <load_address>0x55c2</load_address>
         <run_address>0x55c2</run_address>
         <size>0x182</size>
         <input_file_ref idref="fl-3b"/>
      </object_component>
      <object_component id="oc-d5">
         <name>.debug_info</name>
         <load_address>0x5744</load_address>
         <run_address>0x5744</run_address>
         <size>0x17b</size>
         <input_file_ref idref="fl-3b"/>
      </object_component>
      <object_component id="oc-130">
         <name>.debug_info</name>
         <load_address>0x58bf</load_address>
         <run_address>0x58bf</run_address>
         <size>0x22b</size>
         <input_file_ref idref="fl-3c"/>
      </object_component>
      <object_component id="oc-b6">
         <name>.debug_info</name>
         <load_address>0x5aea</load_address>
         <run_address>0x5aea</run_address>
         <size>0x10d</size>
         <input_file_ref idref="fl-3c"/>
      </object_component>
      <object_component id="oc-31c">
         <name>.debug_info</name>
         <load_address>0x5bf7</load_address>
         <run_address>0x5bf7</run_address>
         <size>0x120</size>
         <input_file_ref idref="fl-3c"/>
      </object_component>
      <object_component id="oc-31f">
         <name>.debug_info</name>
         <load_address>0x5d17</load_address>
         <run_address>0x5d17</run_address>
         <size>0x106</size>
         <input_file_ref idref="fl-3c"/>
      </object_component>
      <object_component id="oc-2b2">
         <name>.debug_info</name>
         <load_address>0x5e1d</load_address>
         <run_address>0x5e1d</run_address>
         <size>0x169</size>
         <input_file_ref idref="fl-3c"/>
      </object_component>
      <object_component id="oc-322">
         <name>.debug_info</name>
         <load_address>0x5f86</load_address>
         <run_address>0x5f86</run_address>
         <size>0x18f</size>
         <input_file_ref idref="fl-3c"/>
      </object_component>
      <object_component id="oc-328">
         <name>.debug_info</name>
         <load_address>0x6115</load_address>
         <run_address>0x6115</run_address>
         <size>0x1a0</size>
         <input_file_ref idref="fl-3c"/>
      </object_component>
      <object_component id="oc-32e">
         <name>.debug_info</name>
         <load_address>0x62b5</load_address>
         <run_address>0x62b5</run_address>
         <size>0x1e2</size>
         <input_file_ref idref="fl-3c"/>
      </object_component>
      <object_component id="oc-2fc">
         <name>.debug_info</name>
         <load_address>0x6497</load_address>
         <run_address>0x6497</run_address>
         <size>0x274</size>
         <input_file_ref idref="fl-3c"/>
      </object_component>
      <object_component id="oc-191">
         <name>.debug_info</name>
         <load_address>0x670b</load_address>
         <run_address>0x670b</run_address>
         <size>0xb2</size>
         <input_file_ref idref="fl-3c"/>
      </object_component>
      <object_component id="oc-18c">
         <name>.debug_info</name>
         <load_address>0x67bd</load_address>
         <run_address>0x67bd</run_address>
         <size>0x2c</size>
         <input_file_ref idref="fl-3c"/>
      </object_component>
      <object_component id="oc-335">
         <name>.debug_info</name>
         <load_address>0x67e9</load_address>
         <run_address>0x67e9</run_address>
         <size>0x17d</size>
         <input_file_ref idref="fl-3e"/>
      </object_component>
      <object_component id="oc-304">
         <name>.debug_info</name>
         <load_address>0x6966</load_address>
         <run_address>0x6966</run_address>
         <size>0x268</size>
         <input_file_ref idref="fl-3e"/>
      </object_component>
      <object_component id="oc-1b7">
         <name>.debug_info</name>
         <load_address>0x6bce</load_address>
         <run_address>0x6bce</run_address>
         <size>0x163</size>
         <input_file_ref idref="fl-3f"/>
      </object_component>
      <object_component id="oc-157">
         <name>.debug_info</name>
         <load_address>0x6d31</load_address>
         <run_address>0x6d31</run_address>
         <size>0x231</size>
         <input_file_ref idref="fl-3f"/>
      </object_component>
      <object_component id="oc-2c4">
         <name>.debug_info</name>
         <load_address>0x6f62</load_address>
         <run_address>0x6f62</run_address>
         <size>0x17e</size>
         <input_file_ref idref="fl-40"/>
      </object_component>
      <object_component id="oc-259">
         <name>.debug_info</name>
         <load_address>0x70e0</load_address>
         <run_address>0x70e0</run_address>
         <size>0x269</size>
         <input_file_ref idref="fl-40"/>
      </object_component>
      <object_component id="oc-b9">
         <name>.debug_info</name>
         <load_address>0x7349</load_address>
         <run_address>0x7349</run_address>
         <size>0x121</size>
         <input_file_ref idref="fl-42"/>
      </object_component>
      <object_component id="oc-c0">
         <name>.debug_info</name>
         <load_address>0x746a</load_address>
         <run_address>0x746a</run_address>
         <size>0x121</size>
         <input_file_ref idref="fl-43"/>
      </object_component>
      <object_component id="oc-384">
         <name>.debug_info</name>
         <load_address>0x758b</load_address>
         <run_address>0x758b</run_address>
         <size>0x93</size>
      </object_component>
      <object_component id="oc-1a0">
         <name>.debug_line</name>
         <load_address>0x0</load_address>
         <run_address>0x0</run_address>
         <size>0xb4</size>
         <input_file_ref idref="fl-2"/>
      </object_component>
      <object_component id="oc-2c7">
         <name>.debug_line</name>
         <load_address>0xb4</load_address>
         <run_address>0xb4</run_address>
         <size>0x3f</size>
         <input_file_ref idref="fl-2"/>
      </object_component>
      <object_component id="oc-271">
         <name>.debug_line</name>
         <load_address>0xf3</load_address>
         <run_address>0xf3</run_address>
         <size>0x4d</size>
         <input_file_ref idref="fl-2"/>
      </object_component>
      <object_component id="oc-234">
         <name>.debug_line</name>
         <load_address>0x140</load_address>
         <run_address>0x140</run_address>
         <size>0x42</size>
         <input_file_ref idref="fl-2"/>
      </object_component>
      <object_component id="oc-e9">
         <name>.debug_line</name>
         <load_address>0x182</load_address>
         <run_address>0x182</run_address>
         <size>0x40</size>
         <input_file_ref idref="fl-2"/>
      </object_component>
      <object_component id="oc-1a4">
         <name>.debug_line</name>
         <load_address>0x1c2</load_address>
         <run_address>0x1c2</run_address>
         <size>0x72</size>
         <input_file_ref idref="fl-2"/>
      </object_component>
      <object_component id="oc-d0">
         <name>.debug_line</name>
         <load_address>0x234</load_address>
         <run_address>0x234</run_address>
         <size>0x20</size>
         <input_file_ref idref="fl-2"/>
      </object_component>
      <object_component id="oc-22b">
         <name>.debug_line</name>
         <load_address>0x254</load_address>
         <run_address>0x254</run_address>
         <size>0x76</size>
         <input_file_ref idref="fl-2"/>
      </object_component>
      <object_component id="oc-1ab">
         <name>.debug_line</name>
         <load_address>0x2ca</load_address>
         <run_address>0x2ca</run_address>
         <size>0x73</size>
         <input_file_ref idref="fl-2"/>
      </object_component>
      <object_component id="oc-13f">
         <name>.debug_line</name>
         <load_address>0x33d</load_address>
         <run_address>0x33d</run_address>
         <size>0x6e</size>
         <input_file_ref idref="fl-2"/>
      </object_component>
      <object_component id="oc-2ae">
         <name>.debug_line</name>
         <load_address>0x3ab</load_address>
         <run_address>0x3ab</run_address>
         <size>0x6e</size>
         <input_file_ref idref="fl-3"/>
      </object_component>
      <object_component id="oc-1d8">
         <name>.debug_line</name>
         <load_address>0x419</load_address>
         <run_address>0x419</run_address>
         <size>0x55</size>
         <input_file_ref idref="fl-3"/>
      </object_component>
      <object_component id="oc-1b2">
         <name>.debug_line</name>
         <load_address>0x46e</load_address>
         <run_address>0x46e</run_address>
         <size>0x36</size>
         <input_file_ref idref="fl-3"/>
      </object_component>
      <object_component id="oc-30a">
         <name>.debug_line</name>
         <load_address>0x4a4</load_address>
         <run_address>0x4a4</run_address>
         <size>0xbc</size>
         <input_file_ref idref="fl-4"/>
      </object_component>
      <object_component id="oc-2bd">
         <name>.debug_line</name>
         <load_address>0x560</load_address>
         <run_address>0x560</run_address>
         <size>0x72</size>
         <input_file_ref idref="fl-4"/>
      </object_component>
      <object_component id="oc-277">
         <name>.debug_line</name>
         <load_address>0x5d2</load_address>
         <run_address>0x5d2</run_address>
         <size>0x4a</size>
         <input_file_ref idref="fl-4"/>
      </object_component>
      <object_component id="oc-241">
         <name>.debug_line</name>
         <load_address>0x61c</load_address>
         <run_address>0x61c</run_address>
         <size>0x4a</size>
         <input_file_ref idref="fl-4"/>
      </object_component>
      <object_component id="oc-24f">
         <name>.debug_line</name>
         <load_address>0x666</load_address>
         <run_address>0x666</run_address>
         <size>0x4a</size>
         <input_file_ref idref="fl-4"/>
      </object_component>
      <object_component id="oc-261">
         <name>.debug_line</name>
         <load_address>0x6b0</load_address>
         <run_address>0x6b0</run_address>
         <size>0x4a</size>
         <input_file_ref idref="fl-4"/>
      </object_component>
      <object_component id="oc-1b5">
         <name>.debug_line</name>
         <load_address>0x6fa</load_address>
         <run_address>0x6fa</run_address>
         <size>0x103</size>
         <input_file_ref idref="fl-5"/>
      </object_component>
      <object_component id="oc-ee">
         <name>.debug_line</name>
         <load_address>0x7fd</load_address>
         <run_address>0x7fd</run_address>
         <size>0x8a</size>
         <input_file_ref idref="fl-5"/>
      </object_component>
      <object_component id="oc-247">
         <name>.debug_line</name>
         <load_address>0x887</load_address>
         <run_address>0x887</run_address>
         <size>0x50</size>
         <input_file_ref idref="fl-5"/>
      </object_component>
      <object_component id="oc-255">
         <name>.debug_line</name>
         <load_address>0x8d7</load_address>
         <run_address>0x8d7</run_address>
         <size>0x40</size>
         <input_file_ref idref="fl-5"/>
      </object_component>
      <object_component id="oc-1ce">
         <name>.debug_line</name>
         <load_address>0x917</load_address>
         <run_address>0x917</run_address>
         <size>0x4a</size>
         <input_file_ref idref="fl-5"/>
      </object_component>
      <object_component id="oc-23a">
         <name>.debug_line</name>
         <load_address>0x961</load_address>
         <run_address>0x961</run_address>
         <size>0x4d</size>
         <input_file_ref idref="fl-5"/>
      </object_component>
      <object_component id="oc-1a7">
         <name>.debug_line</name>
         <load_address>0x9ae</load_address>
         <run_address>0x9ae</run_address>
         <size>0x87</size>
         <input_file_ref idref="fl-6"/>
      </object_component>
      <object_component id="oc-1e6">
         <name>.debug_line</name>
         <load_address>0xa35</load_address>
         <run_address>0xa35</run_address>
         <size>0x49</size>
         <input_file_ref idref="fl-6"/>
      </object_component>
      <object_component id="oc-1c6">
         <name>.debug_line</name>
         <load_address>0xa7e</load_address>
         <run_address>0xa7e</run_address>
         <size>0x46</size>
         <input_file_ref idref="fl-6"/>
      </object_component>
      <object_component id="oc-1c9">
         <name>.debug_line</name>
         <load_address>0xac4</load_address>
         <run_address>0xac4</run_address>
         <size>0x46</size>
         <input_file_ref idref="fl-6"/>
      </object_component>
      <object_component id="oc-1dc">
         <name>.debug_line</name>
         <load_address>0xb0a</load_address>
         <run_address>0xb0a</run_address>
         <size>0x46</size>
         <input_file_ref idref="fl-6"/>
      </object_component>
      <object_component id="oc-1be">
         <name>.debug_line</name>
         <load_address>0xb50</load_address>
         <run_address>0xb50</run_address>
         <size>0x45</size>
         <input_file_ref idref="fl-6"/>
      </object_component>
      <object_component id="oc-26b">
         <name>.debug_line</name>
         <load_address>0xb95</load_address>
         <run_address>0xb95</run_address>
         <size>0x30</size>
         <input_file_ref idref="fl-6"/>
      </object_component>
      <object_component id="oc-1ae">
         <name>.debug_line</name>
         <load_address>0xbc5</load_address>
         <run_address>0xbc5</run_address>
         <size>0x5f</size>
         <input_file_ref idref="fl-7"/>
      </object_component>
      <object_component id="oc-267">
         <name>.debug_line</name>
         <load_address>0xc24</load_address>
         <run_address>0xc24</run_address>
         <size>0x2d</size>
         <input_file_ref idref="fl-7"/>
      </object_component>
      <object_component id="oc-173">
         <name>.debug_line</name>
         <load_address>0xc51</load_address>
         <run_address>0xc51</run_address>
         <size>0x91</size>
         <input_file_ref idref="fl-7"/>
      </object_component>
      <object_component id="oc-c6">
         <name>.debug_line</name>
         <load_address>0xce2</load_address>
         <run_address>0xce2</run_address>
         <size>0x40</size>
         <input_file_ref idref="fl-22"/>
      </object_component>
      <object_component id="oc-e0">
         <name>.debug_line</name>
         <load_address>0xd22</load_address>
         <run_address>0xd22</run_address>
         <size>0x3d</size>
         <input_file_ref idref="fl-2e"/>
      </object_component>
      <object_component id="oc-12d">
         <name>.debug_line</name>
         <load_address>0xd5f</load_address>
         <run_address>0xd5f</run_address>
         <size>0x2a</size>
         <input_file_ref idref="fl-2f"/>
      </object_component>
      <object_component id="oc-107">
         <name>.debug_line</name>
         <load_address>0xd89</load_address>
         <run_address>0xd89</run_address>
         <size>0x46</size>
         <input_file_ref idref="fl-2f"/>
      </object_component>
      <object_component id="oc-2e4">
         <name>.debug_line</name>
         <load_address>0xdcf</load_address>
         <run_address>0xdcf</run_address>
         <size>0xbf</size>
         <input_file_ref idref="fl-30"/>
      </object_component>
      <object_component id="oc-1f7">
         <name>.debug_line</name>
         <load_address>0xe8e</load_address>
         <run_address>0xe8e</run_address>
         <size>0x75</size>
         <input_file_ref idref="fl-30"/>
      </object_component>
      <object_component id="oc-2e8">
         <name>.debug_line</name>
         <load_address>0xf03</load_address>
         <run_address>0xf03</run_address>
         <size>0x2e</size>
         <input_file_ref idref="fl-30"/>
      </object_component>
      <object_component id="oc-2f9">
         <name>.debug_line</name>
         <load_address>0xf31</load_address>
         <run_address>0xf31</run_address>
         <size>0x9a</size>
         <input_file_ref idref="fl-30"/>
      </object_component>
      <object_component id="oc-2a1">
         <name>.debug_line</name>
         <load_address>0xfcb</load_address>
         <run_address>0xfcb</run_address>
         <size>0x97</size>
         <input_file_ref idref="fl-30"/>
      </object_component>
      <object_component id="oc-2ed">
         <name>.debug_line</name>
         <load_address>0x1062</load_address>
         <run_address>0x1062</run_address>
         <size>0x93</size>
         <input_file_ref idref="fl-30"/>
      </object_component>
      <object_component id="oc-1b9">
         <name>.debug_line</name>
         <load_address>0x10f5</load_address>
         <run_address>0x10f5</run_address>
         <size>0x20</size>
         <input_file_ref idref="fl-31"/>
      </object_component>
      <object_component id="oc-f4">
         <name>.debug_line</name>
         <load_address>0x1115</load_address>
         <run_address>0x1115</run_address>
         <size>0x4d</size>
         <input_file_ref idref="fl-31"/>
      </object_component>
      <object_component id="oc-164">
         <name>.debug_line</name>
         <load_address>0x1162</load_address>
         <run_address>0x1162</run_address>
         <size>0x34</size>
         <input_file_ref idref="fl-31"/>
      </object_component>
      <object_component id="oc-16c">
         <name>.debug_line</name>
         <load_address>0x1196</load_address>
         <run_address>0x1196</run_address>
         <size>0x3e</size>
         <input_file_ref idref="fl-34"/>
      </object_component>
      <object_component id="oc-28e">
         <name>.debug_line</name>
         <load_address>0x11d4</load_address>
         <run_address>0x11d4</run_address>
         <size>0x3a</size>
         <input_file_ref idref="fl-35"/>
      </object_component>
      <object_component id="oc-147">
         <name>.debug_line</name>
         <load_address>0x120e</load_address>
         <run_address>0x120e</run_address>
         <size>0x20</size>
         <input_file_ref idref="fl-36"/>
      </object_component>
      <object_component id="oc-3b">
         <name>.debug_line</name>
         <load_address>0x122e</load_address>
         <run_address>0x122e</run_address>
         <size>0x50</size>
         <input_file_ref idref="fl-36"/>
      </object_component>
      <object_component id="oc-dc">
         <name>.debug_line</name>
         <load_address>0x127e</load_address>
         <run_address>0x127e</run_address>
         <size>0x3a</size>
         <input_file_ref idref="fl-36"/>
      </object_component>
      <object_component id="oc-144">
         <name>.debug_line</name>
         <load_address>0x12b8</load_address>
         <run_address>0x12b8</run_address>
         <size>0x92</size>
         <input_file_ref idref="fl-36"/>
      </object_component>
      <object_component id="oc-19c">
         <name>.debug_line</name>
         <load_address>0x134a</load_address>
         <run_address>0x134a</run_address>
         <size>0x20</size>
         <input_file_ref idref="fl-37"/>
      </object_component>
      <object_component id="oc-38">
         <name>.debug_line</name>
         <load_address>0x136a</load_address>
         <run_address>0x136a</run_address>
         <size>0x92</size>
         <input_file_ref idref="fl-37"/>
      </object_component>
      <object_component id="oc-cb">
         <name>.debug_line</name>
         <load_address>0x13fc</load_address>
         <run_address>0x13fc</run_address>
         <size>0x3a</size>
         <input_file_ref idref="fl-37"/>
      </object_component>
      <object_component id="oc-199">
         <name>.debug_line</name>
         <load_address>0x1436</load_address>
         <run_address>0x1436</run_address>
         <size>0x9a</size>
         <input_file_ref idref="fl-37"/>
      </object_component>
      <object_component id="oc-137">
         <name>.debug_line</name>
         <load_address>0x14d0</load_address>
         <run_address>0x14d0</run_address>
         <size>0x96</size>
         <input_file_ref idref="fl-37"/>
      </object_component>
      <object_component id="oc-1ed">
         <name>.debug_line</name>
         <load_address>0x1566</load_address>
         <run_address>0x1566</run_address>
         <size>0x3d</size>
         <input_file_ref idref="fl-38"/>
      </object_component>
      <object_component id="oc-310">
         <name>.debug_line</name>
         <load_address>0x15a3</load_address>
         <run_address>0x15a3</run_address>
         <size>0x20</size>
         <input_file_ref idref="fl-39"/>
      </object_component>
      <object_component id="oc-2d7">
         <name>.debug_line</name>
         <load_address>0x15c3</load_address>
         <run_address>0x15c3</run_address>
         <size>0x2b</size>
         <input_file_ref idref="fl-39"/>
      </object_component>
      <object_component id="oc-2df">
         <name>.debug_line</name>
         <load_address>0x15ee</load_address>
         <run_address>0x15ee</run_address>
         <size>0x2b</size>
         <input_file_ref idref="fl-39"/>
      </object_component>
      <object_component id="oc-2d5">
         <name>.debug_line</name>
         <load_address>0x1619</load_address>
         <run_address>0x1619</run_address>
         <size>0x38</size>
         <input_file_ref idref="fl-39"/>
      </object_component>
      <object_component id="oc-19e">
         <name>.debug_line</name>
         <load_address>0x1651</load_address>
         <run_address>0x1651</run_address>
         <size>0x20</size>
         <input_file_ref idref="fl-3b"/>
      </object_component>
      <object_component id="oc-d3">
         <name>.debug_line</name>
         <load_address>0x1671</load_address>
         <run_address>0x1671</run_address>
         <size>0x42</size>
         <input_file_ref idref="fl-3b"/>
      </object_component>
      <object_component id="oc-18b">
         <name>.debug_line</name>
         <load_address>0x16b3</load_address>
         <run_address>0x16b3</run_address>
         <size>0x10f</size>
         <input_file_ref idref="fl-3c"/>
      </object_component>
      <object_component id="oc-12f">
         <name>.debug_line</name>
         <load_address>0x17c2</load_address>
         <run_address>0x17c2</run_address>
         <size>0x2c</size>
         <input_file_ref idref="fl-3c"/>
      </object_component>
      <object_component id="oc-337">
         <name>.debug_line</name>
         <load_address>0x17ee</load_address>
         <run_address>0x17ee</run_address>
         <size>0x2c</size>
         <input_file_ref idref="fl-3c"/>
      </object_component>
      <object_component id="oc-339">
         <name>.debug_line</name>
         <load_address>0x181a</load_address>
         <run_address>0x181a</run_address>
         <size>0x2c</size>
         <input_file_ref idref="fl-3c"/>
      </object_component>
      <object_component id="oc-2b1">
         <name>.debug_line</name>
         <load_address>0x1846</load_address>
         <run_address>0x1846</run_address>
         <size>0x3f</size>
         <input_file_ref idref="fl-3c"/>
      </object_component>
      <object_component id="oc-325">
         <name>.debug_line</name>
         <load_address>0x1885</load_address>
         <run_address>0x1885</run_address>
         <size>0x4b</size>
         <input_file_ref idref="fl-3c"/>
      </object_component>
      <object_component id="oc-32b">
         <name>.debug_line</name>
         <load_address>0x18d0</load_address>
         <run_address>0x18d0</run_address>
         <size>0x55</size>
         <input_file_ref idref="fl-3c"/>
      </object_component>
      <object_component id="oc-331">
         <name>.debug_line</name>
         <load_address>0x1925</load_address>
         <run_address>0x1925</run_address>
         <size>0x6d</size>
         <input_file_ref idref="fl-3c"/>
      </object_component>
      <object_component id="oc-2ff">
         <name>.debug_line</name>
         <load_address>0x1992</load_address>
         <run_address>0x1992</run_address>
         <size>0xc4</size>
         <input_file_ref idref="fl-3c"/>
      </object_component>
      <object_component id="oc-194">
         <name>.debug_line</name>
         <load_address>0x1a56</load_address>
         <run_address>0x1a56</run_address>
         <size>0x2c</size>
         <input_file_ref idref="fl-3c"/>
      </object_component>
      <object_component id="oc-18f">
         <name>.debug_line</name>
         <load_address>0x1a82</load_address>
         <run_address>0x1a82</run_address>
         <size>0x92</size>
         <input_file_ref idref="fl-3c"/>
      </object_component>
      <object_component id="oc-33e">
         <name>.debug_line</name>
         <load_address>0x1b14</load_address>
         <run_address>0x1b14</run_address>
         <size>0x20</size>
         <input_file_ref idref="fl-3e"/>
      </object_component>
      <object_component id="oc-303">
         <name>.debug_line</name>
         <load_address>0x1b34</load_address>
         <run_address>0x1b34</run_address>
         <size>0xaf</size>
         <input_file_ref idref="fl-3e"/>
      </object_component>
      <object_component id="oc-22f">
         <name>.debug_line</name>
         <load_address>0x1be3</load_address>
         <run_address>0x1be3</run_address>
         <size>0x20</size>
         <input_file_ref idref="fl-3f"/>
      </object_component>
      <object_component id="oc-15a">
         <name>.debug_line</name>
         <load_address>0x1c03</load_address>
         <run_address>0x1c03</run_address>
         <size>0xac</size>
         <input_file_ref idref="fl-3f"/>
      </object_component>
      <object_component id="oc-30c">
         <name>.debug_line</name>
         <load_address>0x1caf</load_address>
         <run_address>0x1caf</run_address>
         <size>0x20</size>
         <input_file_ref idref="fl-40"/>
      </object_component>
      <object_component id="oc-25c">
         <name>.debug_line</name>
         <load_address>0x1ccf</load_address>
         <run_address>0x1ccf</run_address>
         <size>0xb4</size>
         <input_file_ref idref="fl-40"/>
      </object_component>
      <object_component id="oc-bc">
         <name>.debug_line</name>
         <load_address>0x1d83</load_address>
         <run_address>0x1d83</run_address>
         <size>0x4e</size>
         <input_file_ref idref="fl-42"/>
      </object_component>
      <object_component id="oc-bf">
         <name>.debug_line</name>
         <load_address>0x1dd1</load_address>
         <run_address>0x1dd1</run_address>
         <size>0x5e</size>
         <input_file_ref idref="fl-43"/>
      </object_component>
      <object_component id="oc-2c8">
         <name>.debug_frame</name>
         <load_address>0x0</load_address>
         <run_address>0x0</run_address>
         <size>0x3c</size>
         <input_file_ref idref="fl-2"/>
      </object_component>
      <object_component id="oc-272">
         <name>.debug_frame</name>
         <load_address>0x3c</load_address>
         <run_address>0x3c</run_address>
         <size>0x3c</size>
         <input_file_ref idref="fl-2"/>
      </object_component>
      <object_component id="oc-235">
         <name>.debug_frame</name>
         <load_address>0x78</load_address>
         <run_address>0x78</run_address>
         <size>0x3c</size>
         <input_file_ref idref="fl-2"/>
      </object_component>
      <object_component id="oc-e5">
         <name>.debug_frame</name>
         <load_address>0xb4</load_address>
         <run_address>0xb4</run_address>
         <size>0x44</size>
         <input_file_ref idref="fl-2"/>
      </object_component>
      <object_component id="oc-1d4">
         <name>.debug_frame</name>
         <load_address>0xf8</load_address>
         <run_address>0xf8</run_address>
         <size>0x50</size>
         <input_file_ref idref="fl-3"/>
      </object_component>
      <object_component id="oc-2bc">
         <name>.debug_frame</name>
         <load_address>0x148</load_address>
         <run_address>0x148</run_address>
         <size>0x54</size>
         <input_file_ref idref="fl-4"/>
      </object_component>
      <object_component id="oc-278">
         <name>.debug_frame</name>
         <load_address>0x19c</load_address>
         <run_address>0x19c</run_address>
         <size>0x3c</size>
         <input_file_ref idref="fl-4"/>
      </object_component>
      <object_component id="oc-242">
         <name>.debug_frame</name>
         <load_address>0x1d8</load_address>
         <run_address>0x1d8</run_address>
         <size>0x3c</size>
         <input_file_ref idref="fl-4"/>
      </object_component>
      <object_component id="oc-24e">
         <name>.debug_frame</name>
         <load_address>0x214</load_address>
         <run_address>0x214</run_address>
         <size>0x3c</size>
         <input_file_ref idref="fl-4"/>
      </object_component>
      <object_component id="oc-260">
         <name>.debug_frame</name>
         <load_address>0x250</load_address>
         <run_address>0x250</run_address>
         <size>0x3c</size>
         <input_file_ref idref="fl-4"/>
      </object_component>
      <object_component id="oc-ef">
         <name>.debug_frame</name>
         <load_address>0x28c</load_address>
         <run_address>0x28c</run_address>
         <size>0x64</size>
         <input_file_ref idref="fl-5"/>
      </object_component>
      <object_component id="oc-248">
         <name>.debug_frame</name>
         <load_address>0x2f0</load_address>
         <run_address>0x2f0</run_address>
         <size>0x44</size>
         <input_file_ref idref="fl-5"/>
      </object_component>
      <object_component id="oc-256">
         <name>.debug_frame</name>
         <load_address>0x334</load_address>
         <run_address>0x334</run_address>
         <size>0x3c</size>
         <input_file_ref idref="fl-5"/>
      </object_component>
      <object_component id="oc-1d2">
         <name>.debug_frame</name>
         <load_address>0x370</load_address>
         <run_address>0x370</run_address>
         <size>0x3c</size>
         <input_file_ref idref="fl-5"/>
      </object_component>
      <object_component id="oc-23b">
         <name>.debug_frame</name>
         <load_address>0x3ac</load_address>
         <run_address>0x3ac</run_address>
         <size>0x3c</size>
         <input_file_ref idref="fl-5"/>
      </object_component>
      <object_component id="oc-1e7">
         <name>.debug_frame</name>
         <load_address>0x3e8</load_address>
         <run_address>0x3e8</run_address>
         <size>0x44</size>
         <input_file_ref idref="fl-6"/>
      </object_component>
      <object_component id="oc-1c3">
         <name>.debug_frame</name>
         <load_address>0x42c</load_address>
         <run_address>0x42c</run_address>
         <size>0x3c</size>
         <input_file_ref idref="fl-6"/>
      </object_component>
      <object_component id="oc-1ca">
         <name>.debug_frame</name>
         <load_address>0x468</load_address>
         <run_address>0x468</run_address>
         <size>0x3c</size>
         <input_file_ref idref="fl-6"/>
      </object_component>
      <object_component id="oc-1da">
         <name>.debug_frame</name>
         <load_address>0x4a4</load_address>
         <run_address>0x4a4</run_address>
         <size>0x3c</size>
         <input_file_ref idref="fl-6"/>
      </object_component>
      <object_component id="oc-1bd">
         <name>.debug_frame</name>
         <load_address>0x4e0</load_address>
         <run_address>0x4e0</run_address>
         <size>0x3c</size>
         <input_file_ref idref="fl-6"/>
      </object_component>
      <object_component id="oc-172">
         <name>.debug_frame</name>
         <load_address>0x51c</load_address>
         <run_address>0x51c</run_address>
         <size>0x40</size>
         <input_file_ref idref="fl-7"/>
      </object_component>
      <object_component id="oc-106">
         <name>.debug_frame</name>
         <load_address>0x55c</load_address>
         <run_address>0x55c</run_address>
         <size>0x34</size>
         <input_file_ref idref="fl-2f"/>
      </object_component>
      <object_component id="oc-1fa">
         <name>.debug_frame</name>
         <load_address>0x590</load_address>
         <run_address>0x590</run_address>
         <size>0x44</size>
         <input_file_ref idref="fl-30"/>
      </object_component>
      <object_component id="oc-f5">
         <name>.debug_frame</name>
         <load_address>0x5d4</load_address>
         <run_address>0x5d4</run_address>
         <size>0x3c</size>
         <input_file_ref idref="fl-31"/>
      </object_component>
      <object_component id="oc-16d">
         <name>.debug_frame</name>
         <load_address>0x610</load_address>
         <run_address>0x610</run_address>
         <size>0x3c</size>
         <input_file_ref idref="fl-34"/>
      </object_component>
      <object_component id="oc-28d">
         <name>.debug_frame</name>
         <load_address>0x64c</load_address>
         <run_address>0x64c</run_address>
         <size>0x3c</size>
         <input_file_ref idref="fl-35"/>
      </object_component>
      <object_component id="oc-3f">
         <name>.debug_frame</name>
         <load_address>0x688</load_address>
         <run_address>0x688</run_address>
         <size>0x3c</size>
         <input_file_ref idref="fl-36"/>
      </object_component>
      <object_component id="oc-39">
         <name>.debug_frame</name>
         <load_address>0x6c4</load_address>
         <run_address>0x6c4</run_address>
         <size>0x48</size>
[...]
         <value>0x5f</value>
      </symbol>
      <symbol id="sm-4b">
         <name>UCB0CTL0</name>
         <value>0x68</value>
      </symbol>
      <symbol id="sm-4c">
         <name>UCB0CTL1</name>
         <value>0x69</value>
      </symbol>
      <symbol id="sm-4d">
         <name>UCB0BR0</name>
         <value>0x6a</value>
      </symbol>
      <symbol id="sm-4e">
         <name>UCB0BR1</name>
         <value>0x6b</value>
      </symbol>
      <symbol id="sm-4f">
         <name>UCB0I2CIE</name>
         <value>0x6c</value>
      </symbol>
      <symbol id="sm-50">
         <name>UCB0STAT</name>
         <value>0x6d</value>
      </symbol>
      <symbol id="sm-51">
         <name>UCB0RXBUF</name>
         <value>0x6e</value>
      </symbol>
      <symbol id="sm-52">
         <name>UCB0TXBUF</name>
         <value>0x6f</value>
      </symbol>
      <symbol id="sm-53">
         <name>UCB0I2COA</name>
         <value>0x118</value>
      </symbol>
      <symbol id="sm-54">
         <name>UCB0I2CSA</name>
         <value>0x11a</value>
      </symbol>
      <symbol id="sm-55">
         <name>WDTCTL</name>
         <value>0x120</value>
      </symbol>
      <symbol id="sm-56">
         <name>CALDCO_16MHZ</name>
         <value>0x10f8</value>
      </symbol>
      <symbol id="sm-57">
         <name>CALBC1_16MHZ</name>
         <value>0x10f9</value>
      </symbol>
      <symbol id="sm-58">
         <name>CALDCO_12MHZ</name>
         <value>0x10fa</value>
      </symbol>
      <symbol id="sm-59">
         <name>CALBC1_12MHZ</name>
         <value>0x10fb</value>
      </symbol>
      <symbol id="sm-5a">
         <name>CALDCO_8MHZ</name>
         <value>0x10fc</value>
      </symbol>
      <symbol id="sm-5b">
         <name>CALBC1_8MHZ</name>
         <value>0x10fd</value>
      </symbol>
      <symbol id="sm-5c">
         <name>CALDCO_1MHZ</name>
         <value>0x10fe</value>
      </symbol>
      <symbol id="sm-5d">
         <name>CALBC1_1MHZ</name>
         <value>0x10ff</value>
      </symbol>
      <symbol id="sm-5e">
         <name>TLV_CHECKSUM</name>
         <value>0x10c0</value>
      </symbol>
      <symbol id="sm-5f">
         <name>TLV_DCO_30_TAG</name>
         <value>0x10f6</value>
      </symbol>
      <symbol id="sm-60">
         <name>TLV_DCO_30_LEN</name>
         <value>0x10f7</value>
      </symbol>
      <symbol id="sm-61">
         <name>TLV_ADC10_1_TAG</name>
         <value>0x10da</value>
      </symbol>
      <symbol id="sm-62">
         <name>TLV_ADC10_1_LEN</name>
         <value>0x10db</value>
      </symbol>
      <symbol id="sm-63">
         <name>__TI_CINIT_Base</name>
         <value>0xc85c</value>
      </symbol>
      <symbol id="sm-64">
         <name>__TI_CINIT_Limit</name>
         <value>0xc864</value>
      </symbol>
      <symbol id="sm-65">
         <name>__TI_Handler_Table_Base</name>
         <value>0xc852</value>
      </symbol>
      <symbol id="sm-66">
         <name>__TI_Handler_Table_Limit</name>
         <value>0xc858</value>
      </symbol>
      <symbol id="sm-67">
         <name>__STACK_SIZE</name>
         <value>0x50</value>
      </symbol>
      <symbol id="sm-68">
         <name>__STACK_END</name>
         <value>0x400</value>
      </symbol>
      <symbol id="sm-69">
         <name>__SYSMEM_SIZE</name>
         <value>0x50</value>
      </symbol>
      <symbol id="sm-6a">
         <name>__c_args__</name>
         <value>0xffffffff</value>
      </symbol>
      <symbol id="sm-6b">
         <name>__TI_pprof_out_hndl</name>
         <value>0xffffffff</value>
      </symbol>
      <symbol id="sm-6c">
         <name>__TI_prof_data_start</name>
         <value>0xffffffff</value>
      </symbol>
      <symbol id="sm-6d">
         <name>__TI_prof_data_size</name>
         <value>0xffffffff</value>
      </symbol>
      <symbol id="sm-d7">
         <name>Temperature</name>
         <value>0x25c</value>
      </symbol>
      <symbol id="sm-d8">
         <name>Conversion_Ended</name>
         <value>0x252</value>
      </symbol>
      <symbol id="sm-d9">
         <name>ADC10_ISR</name>
         <value>0xc758</value>
         <object_component_ref idref="oc-e4"/>
      </symbol>
      <symbol id="sm-da">
         <name>__TI_int05</name>
         <value>0xffea</value>
         <object_component_ref idref="oc-43"/>
      </symbol>
      <symbol id="sm-db">
         <name>Intialize_ADC</name>
         <value>0xc72e</value>
         <object_component_ref idref="oc-230"/>
      </symbol>
      <symbol id="sm-dc">
         <name>Start_Conversion_ADC</name>
         <value>0xc80e</value>
         <object_component_ref idref="oc-2c6"/>
      </symbol>
      <symbol id="sm-dd">
         <name>get_converted_data</name>
         <value>0xc6a4</value>
         <object_component_ref idref="oc-26d"/>
      </symbol>
      <symbol id="sm-f3">
         <name>Return_from_frame</name>
         <value>0xc404</value>
         <object_component_ref idref="oc-1d3"/>
      </symbol>
      <symbol id="sm-123">
         <name>Make_NACK_Message</name>
         <value>0xc7bc</value>
         <object_component_ref idref="oc-23d"/>
      </symbol>
      <symbol id="sm-124">
         <name>Make_CommPing_Message</name>
         <value>0xc7d8</value>
         <object_component_ref idref="oc-24a"/>
      </symbol>
      <symbol id="sm-125">
         <name>Get_Frame</name>
         <value>0xc1f6</value>
         <object_component_ref idref="oc-2b8"/>
      </symbol>
      <symbol id="sm-126">
         <name>Make_ACK_Message</name>
         <value>0xc7ae</value>
         <object_component_ref idref="oc-25f"/>
      </symbol>
      <symbol id="sm-127">
         <name>Make_Temp_Message</name>
         <value>0xc7e4</value>
         <object_component_ref idref="oc-273"/>
      </symbol>
      <symbol id="sm-15e">
         <name>Data</name>
         <value>0x254</value>
      </symbol>
      <symbol id="sm-15f">
         <name>data_to_be_recieved</name>
         <value>0x25d</value>
      </symbol>
      <symbol id="sm-160">
         <name>Recieve_Ended</name>
         <value>0x256</value>
      </symbol>
      <symbol id="sm-161">
         <name>delimiter_State</name>
         <value>0x258</value>
      </symbol>
      <symbol id="sm-162">
         <name>first_flag</name>
         <value>0x25a</value>
      </symbol>
      <symbol id="sm-163">
         <name>USCI0RX_ISR</name>
         <value>0xc000</value>
         <object_component_ref idref="oc-ea"/>
      </symbol>
      <symbol id="sm-164">
         <name>__TI_int07</name>
         <value>0xffee</value>
         <object_component_ref idref="oc-45"/>
      </symbol>
      <symbol id="sm-165">
         <name>Intialize_UART</name>
         <value>0xc4ec</value>
         <object_component_ref idref="oc-236"/>
      </symbol>
      <symbol id="sm-166">
         <name>Recieve_Data</name>
         <value>0xc680</value>
         <object_component_ref idref="oc-1cd"/>
      </symbol>
      <symbol id="sm-167">
         <name>Transmit_UART</name>
         <value>0xc5c8</value>
         <object_component_ref idref="oc-243"/>
      </symbol>
      <symbol id="sm-168">
         <name>Enable_INT_Recieve</name>
         <value>0xc826</value>
         <object_component_ref idref="oc-251"/>
      </symbol>
      <symbol id="sm-196">
         <name>Send_NAck</name>
         <value>0xc804</value>
         <object_component_ref idref="oc-1c1"/>
      </symbol>
      <symbol id="sm-197">
         <name>Send_Telemetry</name>
         <value>0xc716</value>
         <object_component_ref idref="oc-1e2"/>
      </symbol>
      <symbol id="sm-198">
         <name>Intialize</name>
         <value>0xc78e</value>
         <object_component_ref idref="oc-1bb"/>
      </symbol>
      <symbol id="sm-199">
         <name>Send_Ack</name>
         <value>0xc7f0</value>
         <object_component_ref idref="oc-1d9"/>
      </symbol>
      <symbol id="sm-19a">
         <name>Send_Comm_Ping</name>
         <value>0xc7fa</value>
         <object_component_ref idref="oc-1c7"/>
      </symbol>
      <symbol id="sm-1b3">
         <name>main</name>
         <value>0xc2d2</value>
         <object_component_ref idref="oc-16e"/>
      </symbol>
      <symbol id="sm-1b4">
         <name>GCS_Operation</name>
         <value>0x262</value>
         <object_component_ref idref="oc-1df"/>
      </symbol>
      <symbol id="sm-1bd">
         <name>__mspabi_func_epilog_2</name>
         <value>0xc7a8</value>
         <object_component_ref idref="oc-c2"/>
      </symbol>
      <symbol id="sm-1be">
         <name>__mspabi_func_epilog_3</name>
         <value>0xc7a6</value>
         <object_component_ref idref="oc-c2"/>
      </symbol>
      <symbol id="sm-1bf">
         <name>__mspabi_func_epilog_1</name>
         <value>0xc7aa</value>
         <object_component_ref idref="oc-c2"/>
      </symbol>
      <symbol id="sm-1c0">
         <name>__mspabi_func_epilog_6</name>
         <value>0xc7a0</value>
         <object_component_ref idref="oc-c2"/>
      </symbol>
      <symbol id="sm-1c1">
         <name>__mspabi_func_epilog_7</name>
         <value>0xc79e</value>
         <object_component_ref idref="oc-c2"/>
      </symbol>
      <symbol id="sm-1c2">
         <name>__mspabi_func_epilog_4</name>
         <value>0xc7a4</value>
         <object_component_ref idref="oc-c2"/>
      </symbol>
      <symbol id="sm-1c3">
         <name>__mspabi_func_epilog_5</name>
         <value>0xc7a2</value>
         <object_component_ref idref="oc-c2"/>
      </symbol>
      <symbol id="sm-1c6">
         <name>__TI_int00</name>
         <value>0xffe0</value>
         <object_component_ref idref="oc-40"/>
      </symbol>
      <symbol id="sm-1c9">
         <name>__TI_int02</name>
         <value>0xffe4</value>
         <object_component_ref idref="oc-41"/>
      </symbol>
      <symbol id="sm-1cc">
         <name>__TI_int03</name>
         <value>0xffe6</value>
         <object_component_ref idref="oc-42"/>
      </symbol>
      <symbol id="sm-1cf">
         <name>__TI_int06</name>
         <value>0xffec</value>
         <object_component_ref idref="oc-44"/>
      </symbol>
      <symbol id="sm-1d2">
         <name>__TI_int08</name>
         <value>0xfff0</value>
         <object_component_ref idref="oc-46"/>
      </symbol>
      <symbol id="sm-1d5">
         <name>__TI_int09</name>
         <value>0xfff2</value>
         <object_component_ref idref="oc-47"/>
      </symbol>
      <symbol id="sm-1d8">
         <name>__TI_int10</name>
         <value>0xfff4</value>
         <object_component_ref idref="oc-48"/>
      </symbol>
      <symbol id="sm-1db">
         <name>__TI_int11</name>
         <value>0xfff6</value>
         <object_component_ref idref="oc-49"/>
      </symbol>
      <symbol id="sm-1de">
         <name>__TI_int12</name>
         <value>0xfff8</value>
         <object_component_ref idref="oc-4a"/>
      </symbol>
      <symbol id="sm-1e1">
         <name>__TI_int13</name>
         <value>0xfffa</value>
         <object_component_ref idref="oc-4b"/>
      </symbol>
      <symbol id="sm-1e4">
         <name>__TI_int14</name>
         <value>0xfffc</value>
         <object_component_ref idref="oc-4c"/>
      </symbol>
      <symbol id="sm-1ec">
         <name>__TI_ISR_TRAP</name>
         <value>0xc816</value>
         <object_component_ref idref="oc-df"/>
      </symbol>
      <symbol id="sm-1fc">
         <name>_stack</name>
         <value>0x3b0</value>
         <object_component_ref idref="oc-b1"/>
      </symbol>
      <symbol id="sm-1fd">
         <name>_c_int00_noargs</name>
         <value>0xc6c4</value>
         <object_component_ref idref="oc-102"/>
      </symbol>
      <symbol id="sm-1fe">
         <name>_reset_vector</name>
         <value>0xfffe</value>
         <object_component_ref idref="oc-b4"/>
      </symbol>
      <symbol id="sm-220">
         <name>__TI_auto_init_nobinit_nopinit</name>
         <value>0xc586</value>
         <object_component_ref idref="oc-1f5"/>
      </symbol>
      <symbol id="sm-233">
         <name>__TI_zero_init_nomemset</name>
         <value>0xc744</value>
         <object_component_ref idref="oc-f0"/>
      </symbol>
      <symbol id="sm-23e">
         <name>_system_pre_init</name>
         <value>0xc832</value>
         <object_component_ref idref="oc-168"/>
      </symbol>
      <symbol id="sm-247">
         <name>_system_post_cinit</name>
         <value>0xc838</value>
         <object_component_ref idref="oc-28c"/>
      </symbol>
      <symbol id="sm-25d">
         <name>__TI_decompress_none</name>
         <value>0xc76a</value>
         <object_component_ref idref="oc-3a"/>
      </symbol>
      <symbol id="sm-280">
         <name>__TI_decompress_lzss</name>
         <value>0xc388</value>
         <object_component_ref idref="oc-34"/>
      </symbol>
      <symbol id="sm-28a">
         <name>C$$EXIT</name>
         <value>0xc82c</value>
         <object_component_ref idref="oc-1e9"/>
      </symbol>
      <symbol id="sm-28b">
         <name>abort</name>
         <value>0xc82c</value>
         <object_component_ref idref="oc-1e9"/>
      </symbol>
      <symbol id="sm-2a1">
         <name>_nop</name>
         <value>0xc836</value>
         <object_component_ref idref="oc-2d0"/>
      </symbol>
      <symbol id="sm-2a2">
         <name>_lock</name>
         <value>0x25e</value>
         <object_component_ref idref="oc-27e"/>
      </symbol>
      <symbol id="sm-2a3">
         <name>_unlock</name>
         <value>0x260</value>
         <object_component_ref idref="oc-287"/>
      </symbol>
      <symbol id="sm-2b2">
         <name>memcpy</name>
         <value>0xc77c</value>
         <object_component_ref idref="oc-d2"/>
      </symbol>
      <symbol id="sm-310">
         <name>_sys_memory</name>
         <value>0x200</value>
         <object_component_ref idref="oc-b5"/>
      </symbol>
      <symbol id="sm-311">
         <name>memalign</name>
         <value>0xc110</value>
         <object_component_ref idref="oc-2fb"/>
      </symbol>
      <symbol id="sm-312">
         <name>malloc</name>
         <value>0xc81e</value>
         <object_component_ref idref="oc-2b0"/>
      </symbol>
      <symbol id="sm-313">
         <name>aligned_alloc</name>
         <value>0xc110</value>
         <object_component_ref idref="oc-2fb"/>
      </symbol>
      <symbol id="sm-323">
         <name>strcat</name>
         <value>0xc6fc</value>
         <object_component_ref idref="oc-302"/>
      </symbol>
      <symbol id="sm-330">
         <name>strlen</name>
         <value>0xc7ca</value>
         <object_component_ref idref="oc-156"/>
      </symbol>
      <symbol id="sm-340">
         <name>strncpy</name>
         <value>0xc62c</value>
         <object_component_ref idref="oc-258"/>
      </symbol>
      <symbol id="sm-349">
         <name>__mspabi_slli</name>
         <value>0xc600</value>
         <object_component_ref idref="oc-b8"/>
      </symbol>
      <symbol id="sm-34a">
         <name>__mspabi_slli_9</name>
         <value>0xc618</value>
         <object_component_ref idref="oc-b8"/>
      </symbol>
      <symbol id="sm-34b">
         <name>__mspabi_slli_8</name>
         <value>0xc61a</value>
         <object_component_ref idref="oc-b8"/>
      </symbol>
      <symbol id="sm-34c">
         <name>__mspabi_slli_7</name>
         <value>0xc61c</value>
         <object_component_ref idref="oc-b8"/>
      </symbol>
      <symbol id="sm-34d">
         <name>__mspabi_slli_6</name>
         <value>0xc61e</value>
         <object_component_ref idref="oc-b8"/>
      </symbol>
      <symbol id="sm-34e">
         <name>__mspabi_slli_5</name>
         <value>0xc620</value>
         <object_component_ref idref="oc-b8"/>
      </symbol>
      <symbol id="sm-34f">
         <name>__mspabi_slli_4</name>
         <value>0xc622</value>
         <object_component_ref idref="oc-b8"/>
      </symbol>
      <symbol id="sm-350">
         <name>__mspabi_slli_3</name>
         <value>0xc624</value>
         <object_component_ref idref="oc-b8"/>
      </symbol>
      <symbol id="sm-351">
         <name>__mspabi_slli_2</name>
         <value>0xc626</value>
         <object_component_ref idref="oc-b8"/>
      </symbol>
      <symbol id="sm-352">
         <name>__mspabi_slli_1</name>
         <value>0xc628</value>
         <object_component_ref idref="oc-b8"/>
      </symbol>
      <symbol id="sm-353">
         <name>__mspabi_slli_15</name>
         <value>0xc60c</value>
         <object_component_ref idref="oc-b8"/>
      </symbol>
      <symbol id="sm-354">
         <name>__mspabi_slli_14</name>
         <value>0xc60e</value>
         <object_component_ref idref="oc-b8"/>
      </symbol>
      <symbol id="sm-355">
         <name>__mspabi_slli_13</name>
         <value>0xc610</value>
         <object_component_ref idref="oc-b8"/>
      </symbol>
      <symbol id="sm-356">
         <name>__mspabi_slli_12</name>
         <value>0xc612</value>
         <object_component_ref idref="oc-b8"/>
      </symbol>
      <symbol id="sm-357">
         <name>__mspabi_slli_11</name>
         <value>0xc614</value>
         <object_component_ref idref="oc-b8"/>
      </symbol>
      <symbol id="sm-358">
         <name>__mspabi_slli_10</name>
         <value>0xc616</value>
         <object_component_ref idref="oc-b8"/>
      </symbol>
      <symbol id="sm-360">
         <name>__mspabi_srli_8</name>
         <value>0xc564</value>
         <object_component_ref idref="oc-bd"/>
      </symbol>
      <symbol id="sm-361">
         <name>__mspabi_srli_9</name>
         <value>0xc560</value>
         <object_component_ref idref="oc-bd"/>
      </symbol>
      <symbol id="sm-362">
         <name>__mspabi_srli_6</name>
         <value>0xc56c</value>
         <object_component_ref idref="oc-bd"/>
      </symbol>
      <symbol id="sm-363">
         <name>__mspabi_srli_7</name>
         <value>0xc568</value>
         <object_component_ref idref="oc-bd"/>
      </symbol>
      <symbol id="sm-364">
         <name>__mspabi_srli_4</name>
         <value>0xc574</value>
         <object_component_ref idref="oc-bd"/>
      </symbol>
      <symbol id="sm-365">
         <name>__mspabi_srli_5</name>
         <value>0xc570</value>
         <object_component_ref idref="oc-bd"/>
      </symbol>
      <symbol id="sm-366">
         <name>__mspabi_srli_2</name>
         <value>0xc57c</value>
         <object_component_ref idref="oc-bd"/>
      </symbol>
      <symbol id="sm-367">
         <name>__mspabi_srli_3</name>
         <value>0xc578</value>
         <object_component_ref idref="oc-bd"/>
      </symbol>
      <symbol id="sm-368">
         <name>__mspabi_srli_1</name>
         <value>0xc580</value>
         <object_component_ref idref="oc-bd"/>
      </symbol>
      <symbol id="sm-369">
         <name>__mspabi_srli</name>
         <value>0xc53a</value>
         <object_component_ref idref="oc-bd"/>
      </symbol>
      <symbol id="sm-36a">
         <name>__mspabi_srli_15</name>
         <value>0xc548</value>
         <object_component_ref idref="oc-bd"/>
      </symbol>
      <symbol id="sm-36b">
         <name>__mspabi_srli_14</name>
         <value>0xc54c</value>
         <object_component_ref idref="oc-bd"/>
      </symbol>
      <symbol id="sm-36c">
         <name>__mspabi_srli_13</name>
         <value>0xc550</value>
         <object_component_ref idref="oc-bd"/>
      </symbol>
      <symbol id="sm-36d">
         <name>__mspabi_srli_12</name>
         <value>0xc554</value>
         <object_component_ref idref="oc-bd"/>
      </symbol>
      <symbol id="sm-36e">
         <name>__mspabi_srli_11</name>
         <value>0xc558</value>
         <object_component_ref idref="oc-bd"/>
      </symbol>
      <symbol id="sm-36f">
         <name>__mspabi_srli_10</name>
         <value>0xc55c</value>
         <object_component_ref idref="oc-bd"/>
      </symbol>
   </symbol_table>
   <title>Link successful</title>
</link_info>
